Archive member included to satisfy reference by file (symbol)

c:/users/hviei/appdata/roaming/xpacks/@xpack-dev-tools/arm-none-eabi-gcc/9.3.1-1.2.1/.content/bin/../lib/gcc/arm-none-eabi/9.3.1/../../../../arm-none-eabi/lib/thumb/v7-m/nofp\libg.a(lib_a-memcpy.o)
                              ./FreeRTOS/Source/queue.o (memcpy)
c:/users/hviei/appdata/roaming/xpacks/@xpack-dev-tools/arm-none-eabi-gcc/9.3.1-1.2.1/.content/bin/../lib/gcc/arm-none-eabi/9.3.1/../../../../arm-none-eabi/lib/thumb/v7-m/nofp\libg.a(lib_a-memset.o)
                              ./FreeRTOS/Source/tasks.o (memset)

Allocating common symbols
Common symbol       size              file

xQueueRegistry      0x40              ./FreeRTOS/Source/queue.o
NVIC_InitStructure  0x4               ./src/stm32f4_discovery.o

Discarded input sections

 .group         0x0000000000000000        0xc ./src/crt.o
 .group         0x0000000000000000        0xc ./src/crt.o
 .group         0x0000000000000000        0xc ./src/crt.o
 .group         0x0000000000000000        0xc ./src/crt.o
 .group         0x0000000000000000        0xc ./src/crt.o
 .group         0x0000000000000000        0xc ./src/crt.o
 .group         0x0000000000000000        0xc ./src/crt.o
 .group         0x0000000000000000        0xc ./src/crt.o
 .group         0x0000000000000000        0xc ./src/crt.o
 .group         0x0000000000000000        0xc ./src/crt.o
 .group         0x0000000000000000        0xc ./src/crt.o
 .group         0x0000000000000000        0xc ./src/crt.o
 .group         0x0000000000000000        0xc ./src/crt.o
 .group         0x0000000000000000        0xc ./src/crt.o
 .group         0x0000000000000000        0xc ./src/crt.o
 .group         0x0000000000000000        0xc ./src/crt.o
 .group         0x0000000000000000        0xc ./src/crt.o
 .group         0x0000000000000000        0xc ./src/crt.o
 .group         0x0000000000000000        0xc ./src/crt.o
 .group         0x0000000000000000        0xc ./src/crt.o
 .group         0x0000000000000000        0xc ./src/crt.o
 .group         0x0000000000000000        0xc ./src/crt.o
 .group         0x0000000000000000        0xc ./src/crt.o
 .group         0x0000000000000000        0xc ./src/crt.o
 .group         0x0000000000000000        0xc ./src/crt.o
 .group         0x0000000000000000        0xc ./src/crt.o
 .group         0x0000000000000000        0xc ./src/crt.o
 .group         0x0000000000000000        0xc ./src/crt.o
 .group         0x0000000000000000        0xc ./src/crt.o
 .group         0x0000000000000000        0xc ./src/crt.o
 .group         0x0000000000000000        0xc ./src/crt.o
 .group         0x0000000000000000        0xc ./src/crt.o
 .group         0x0000000000000000        0xc ./src/crt.o
 .group         0x0000000000000000        0xc ./src/crt.o
 .group         0x0000000000000000        0xc ./src/crt.o
 .group         0x0000000000000000        0xc ./src/crt.o
 .text          0x0000000000000000        0x0 ./src/crt.o
 .data          0x0000000000000000        0x0 ./src/crt.o
 .bss           0x0000000000000000        0x0 ./src/crt.o
 .group         0x0000000000000000        0xc ./src/hello_world.o
 .group         0x0000000000000000        0xc ./src/hello_world.o
 .group         0x0000000000000000        0xc ./src/hello_world.o
 .group         0x0000000000000000        0xc ./src/hello_world.o
 .group         0x0000000000000000        0xc ./src/hello_world.o
 .group         0x0000000000000000        0xc ./src/hello_world.o
 .group         0x0000000000000000        0xc ./src/hello_world.o
 .group         0x0000000000000000        0xc ./src/hello_world.o
 .group         0x0000000000000000        0xc ./src/hello_world.o
 .group         0x0000000000000000        0xc ./src/hello_world.o
 .group         0x0000000000000000        0xc ./src/hello_world.o
 .group         0x0000000000000000        0xc ./src/hello_world.o
 .group         0x0000000000000000        0xc ./src/hello_world.o
 .group         0x0000000000000000        0xc ./src/hello_world.o
 .group         0x0000000000000000        0xc ./src/hello_world.o
 .group         0x0000000000000000        0xc ./src/hello_world.o
 .group         0x0000000000000000        0xc ./src/hello_world.o
 .group         0x0000000000000000        0xc ./src/hello_world.o
 .group         0x0000000000000000        0xc ./src/hello_world.o
 .group         0x0000000000000000        0xc ./src/hello_world.o
 .group         0x0000000000000000        0xc ./src/hello_world.o
 .group         0x0000000000000000        0xc ./src/hello_world.o
 .group         0x0000000000000000        0xc ./src/hello_world.o
 .group         0x0000000000000000        0xc ./src/hello_world.o
 .group         0x0000000000000000        0xc ./src/hello_world.o
 .group         0x0000000000000000        0xc ./src/hello_world.o
 .group         0x0000000000000000        0xc ./src/hello_world.o
 .group         0x0000000000000000        0xc ./src/hello_world.o
 .group         0x0000000000000000        0xc ./src/hello_world.o
[...]
Memory Configuration

Name             Origin             Length             Attributes
FLASH            0x0000000008000000 0x0000000000100000 xr
RAM              0x0000000020000000 0x0000000000020000 xrw
CCM_RAM          0x0000000010000000 0x0000000000010000 xrw
*default*        0x0000000000000000 0xffffffffffffffff

Linker script and memory map

LOAD ./src/crt.o
LOAD ./src/hello_world.o
LOAD ./src/stm32f4_discovery.o
LOAD ./src/stm32f4_vector.o
LOAD ./src/system_stm32f4xx.o
LOAD ./Libraries/STM32F4xx_StdPeriph_Driver/src/misc.o
LOAD ./Libraries/STM32F4xx_StdPeriph_Driver/src/stm32f4xx_gpio.o
LOAD ./Libraries/STM32F4xx_StdPeriph_Driver/src/stm32f4xx_rcc.o
LOAD ./FreeRTOS/Source/portable/GCC/MemMang/heap_2.o
LOAD ./FreeRTOS/Source/portable/GCC/ARM_CM3/port.o
LOAD ./FreeRTOS/Source/event_groups.o
LOAD ./FreeRTOS/Source/list.o
LOAD ./FreeRTOS/Source/queue.o
LOAD ./FreeRTOS/Source/tasks.o
LOAD ./FreeRTOS/Source/timers.o
START GROUP
LOAD c:/users/hviei/appdata/roaming/xpacks/@xpack-dev-tools/arm-none-eabi-gcc/9.3.1-1.2.1/.content/bin/../lib/gcc/arm-none-eabi/9.3.1/thumb/v7-m/nofp\libgcc.a
LOAD c:/users/hviei/appdata/roaming/xpacks/@xpack-dev-tools/arm-none-eabi-gcc/9.3.1-1.2.1/.content/bin/../lib/gcc/arm-none-eabi/9.3.1/../../../../arm-none-eabi/lib/thumb/v7-m/nofp\libg.a
LOAD c:/users/hviei/appdata/roaming/xpacks/@xpack-dev-tools/arm-none-eabi-gcc/9.3.1-1.2.1/.content/bin/../lib/gcc/arm-none-eabi/9.3.1/../../../../arm-none-eabi/lib/thumb/v7-m/nofp\libc.a
END GROUP
                0x0000000000008000                _heap_size = 0x8000
                0x0000000000001000                _stack_size = 0x1000
                0x0000000020020000                _stack_start = (ORIGIN (RAM) + LENGTH (RAM))
                0x000000002001f000                _stack_end = (_stack_start - _stack_size)
                0x0000000020017000                _heap_start = (_stack_end - _heap_size)
                0x000000002001f000                _heap_end = _stack_end

.isr_vector     0x0000000008000000      0x188
                0x0000000008000000                . = ALIGN (0x4)
 *(.isr_vector)
 .isr_vector    0x0000000008000000      0x188 ./src/stm32f4_vector.o
                0x0000000008000000                g_pfnVectors
                0x0000000008000188                . = ALIGN (0x4)

.text           0x0000000008000190     0x2acc
 *(.text)
 .text          0x0000000008000190       0xec c:/users/hviei/appdata/roaming/xpacks/@xpack-dev-tools/arm-none-eabi-gcc/9.3.1-1.2.1/.content/bin/../lib/gcc/arm-none-eabi/9.3.1/../../../../arm-none-eabi/lib/thumb/v7-m/nofp\libg.a(lib_a-memcpy.o)
                0x0000000008000190                memcpy
 *(.text.*)
 .text.Reset_Handler
                0x000000000800027c       0x6c ./src/crt.o
                0x000000000800027c                Reset_Handler
 .text.vApplicationIdleHook
                0x00000000080002e8        0xc ./src/hello_world.o
                0x00000000080002e8                vApplicationIdleHook
 .text.vApplicationStackOverflowHook
                0x00000000080002f4       0x14 ./src/hello_world.o
                0x00000000080002f4                vApplicationStackOverflowHook
 .text.vApplicationTickHook
                0x0000000008000308        0xc ./src/hello_world.o
                0x0000000008000308                vApplicationTickHook
 .text.vApplicationMallocFailedHook
                0x0000000008000314        0xc ./src/hello_world.o
                0x0000000008000314                vApplicationMallocFailedHook
 .text.main     0x0000000008000320       0x58 ./src/hello_world.o
                0x0000000008000320                main
 .text.leds_blink_task
                0x0000000008000378       0x68 ./src/hello_world.o
 .text.Dummy_Handler
                0x00000000080003e0        0xc ./src/stm32f4_vector.o
                0x00000000080003e0                RTC_Alarm_IRQHandler
                0x00000000080003e0                HASH_RNG_IRQHandler
                0x00000000080003e0                EXTI2_IRQHandler
                0x00000000080003e0                TIM8_CC_IRQHandler
                0x00000000080003e0                DebugMon_Handler
                0x00000000080003e0                TIM1_CC_IRQHandler
                0x00000000080003e0                DMA2_Stream5_IRQHandler
                0x00000000080003e0                HardFault_Handler
                0x00000000080003e0                DMA1_Stream5_IRQHandler
                0x00000000080003e0                PVD_IRQHandler
                0x00000000080003e0                SDIO_IRQHandler
                0x00000000080003e0                TAMP_STAMP_IRQHandler
                0x00000000080003e0                NMI_Handler
                0x00000000080003e0                CAN2_RX1_IRQHandler
                0x00000000080003e0                EXTI3_IRQHandler
                0x00000000080003e0                TIM8_TRG_COM_TIM14_IRQHandler
                0x00000000080003e0                TIM1_UP_TIM10_IRQHandler
                0x00000000080003e0                TIM8_UP_TIM13_IRQHandler
                0x00000000080003e0                I2C3_ER_IRQHandler
                0x00000000080003e0                EXTI0_IRQHandler
                0x00000000080003e0                I2C2_EV_IRQHandler
                0x00000000080003e0                DMA1_Stream2_IRQHandler
                0x00000000080003e0                CAN1_RX0_IRQHandler
                0x00000000080003e0                FPU_IRQHandler
                0x00000000080003e0                OTG_HS_WKUP_IRQHandler
                0x00000000080003e0                UsageFault_Handler
                0x00000000080003e0                CAN2_SCE_IRQHandler
                0x00000000080003e0                DMA2_Stream2_IRQHandler
                0x00000000080003e0                SPI1_IRQHandler
                0x00000000080003e0                TIM6_DAC_IRQHandler
                0x00000000080003e0                TIM1_BRK_TIM9_IRQHandler
                0x00000000080003e0                DCMI_IRQHandler
                0x00000000080003e0                CAN2_RX0_IRQHandler
                0x00000000080003e0                DMA2_Stream3_IRQHandler
                0x00000000080003e0                USART6_IRQHandler
                0x00000000080003e0                USART3_IRQHandler
                0x00000000080003e0                CRYP_IRQHandler
                0x00000000080003e0                CAN1_RX1_IRQHandler
                0x00000000080003e0                UART5_IRQHandler
                0x00000000080003e0                DMA2_Stream0_IRQHandler
                0x00000000080003e0                Dummy_Handler
                0x00000000080003e0                TIM4_IRQHandler
                0x00000000080003e0                I2C1_EV_IRQHandler
                0x00000000080003e0                DMA1_Stream6_IRQHandler
                0x00000000080003e0                DMA1_Stream1_IRQHandler
                0x00000000080003e0                UART4_IRQHandler
                0x00000000080003e0                TIM3_IRQHandler
                0x00000000080003e0                RCC_IRQHandler
                0x00000000080003e0                TIM8_BRK_TIM12_IRQHandler
                0x00000000080003e0                EXTI15_10_IRQHandler
                0x00000000080003e0                ADC_IRQHandler
                0x00000000080003e0                DMA1_Stream7_IRQHandler
                0x00000000080003e0                TIM7_IRQHandler
                0x00000000080003e0                CAN2_TX_IRQHandler
                0x00000000080003e0                TIM5_IRQHandler
                0x00000000080003e0                DMA2_Stream7_IRQHandler
                0x00000000080003e0                I2C3_EV_IRQHandler
                0x00000000080003e0                EXTI9_5_IRQHandler
                0x00000000080003e0                RTC_WKUP_IRQHandler
                0x00000000080003e0                ETH_WKUP_IRQHandler
                0x00000000080003e0                SPI2_IRQHandler
                0x00000000080003e0                OTG_HS_EP1_IN_IRQHandler
                0x00000000080003e0                MemManage_Handler
                0x00000000080003e0                DMA1_Stream0_IRQHandler
                0x00000000080003e0                CAN1_TX_IRQHandler
                0x00000000080003e0                EXTI4_IRQHandler
                0x00000000080003e0                FSMC_IRQHandler
                0x00000000080003e0                ETH_IRQHandler
                0x00000000080003e0                OTG_HS_EP1_OUT_IRQHandler
                0x00000000080003e0                WWDG_IRQHandler
                0x00000000080003e0                TIM2_IRQHandler
                0x00000000080003e0                OTG_FS_WKUP_IRQHandler
                0x00000000080003e0                TIM1_TRG_COM_TIM11_IRQHandler
                0x00000000080003e0                OTG_HS_IRQHandler
                0x00000000080003e0                EXTI1_IRQHandler
                0x00000000080003e0                USART2_IRQHandler
                0x00000000080003e0                I2C2_ER_IRQHandler
                0x00000000080003e0                DMA2_Stream1_IRQHandler
                0x00000000080003e0                CAN1_SCE_IRQHandler
                0x00000000080003e0                FLASH_IRQHandler
                0x00000000080003e0                DMA2_Stream4_IRQHandler
                0x00000000080003e0                BusFault_Handler
                0x00000000080003e0                USART1_IRQHandler
                0x00000000080003e0                OTG_FS_IRQHandler
                0x00000000080003e0                SPI3_IRQHandler
                0x00000000080003e0                DMA1_Stream4_IRQHandler
                0x00000000080003e0                I2C1_ER_IRQHandler
                0x00000000080003e0                DMA2_Stream6_IRQHandler
                0x00000000080003e0                DMA1_Stream3_IRQHandler
 .text.SystemInit
                0x00000000080003ec       0x5c ./src/system_stm32f4xx.o
                0x00000000080003ec                SystemInit
 .text.SystemCoreClockUpdate
                0x0000000008000448      0x100 ./src/system_stm32f4xx.o
                0x0000000008000448                SystemCoreClockUpdate
 .text.SetSysClock
                0x0000000008000548       0xf4 ./src/system_stm32f4xx.o
 .text.GPIO_Init
                0x000000000800063c      0x11c ./Libraries/STM32F4xx_StdPeriph_Driver/src/stm32f4xx_gpio.o
                0x000000000800063c                GPIO_Init
 .text.GPIO_SetBits
                0x0000000008000758       0x1c ./Libraries/STM32F4xx_StdPeriph_Driver/src/stm32f4xx_gpio.o
                0x0000000008000758                GPIO_SetBits
 .text.GPIO_ResetBits
                0x0000000008000774       0x1c ./Libraries/STM32F4xx_StdPeriph_Driver/src/stm32f4xx_gpio.o
                0x0000000008000774                GPIO_ResetBits
 .text.RCC_AHB1PeriphClockCmd
                0x0000000008000790       0x3c ./Libraries/STM32F4xx_StdPeriph_Driver/src/stm32f4xx_rcc.o
                0x0000000008000790                RCC_AHB1PeriphClockCmd
 .text.pvPortMalloc
                0x00000000080007cc      0x128 ./FreeRTOS/Source/portable/GCC/MemMang/heap_2.o
                0x00000000080007cc                pvPortMalloc
 .text.vPortFree
                0x00000000080008f4       0x74 ./FreeRTOS/Source/portable/GCC/MemMang/heap_2.o
                0x00000000080008f4                vPortFree
 .text.prvHeapInit
                0x0000000008000968       0x50 ./FreeRTOS/Source/portable/GCC/MemMang/heap_2.o
 .text.pxPortInitialiseStack
                0x00000000080009b8       0x58 ./FreeRTOS/Source/portable/GCC/ARM_CM3/port.o
                0x00000000080009b8                pxPortInitialiseStack
 .text.prvTaskExitError
                0x0000000008000a10       0x58 ./FreeRTOS/Source/portable/GCC/ARM_CM3/port.o
 *fill*         0x0000000008000a68        0x8 
 .text.SVC_Handler
                0x0000000008000a70       0x28 ./FreeRTOS/Source/portable/GCC/ARM_CM3/port.o
                0x0000000008000a70                SVC_Handler
 .text.prvPortStartFirstTask
                0x0000000008000a98       0x24 ./FreeRTOS/Source/portable/GCC/ARM_CM3/port.o
 .text.xPortStartScheduler
                0x0000000008000abc       0xc0 ./FreeRTOS/Source/portable/GCC/ARM_CM3/port.o
                0x0000000008000abc                xPortStartScheduler
 .text.vPortEnterCritical
                0x0000000008000b7c       0x60 ./FreeRTOS/Source/portable/GCC/ARM_CM3/port.o
                0x0000000008000b7c                vPortEnterCritical
 .text.vPortExitCritical
                0x0000000008000bdc       0x50 ./FreeRTOS/Source/portable/GCC/ARM_CM3/port.o
                0x0000000008000bdc                vPortExitCritical
 *fill*         0x0000000008000c2c        0x4 
 .text.PendSV_Handler
                0x0000000008000c30       0x48 ./FreeRTOS/Source/portable/GCC/ARM_CM3/port.o
                0x0000000008000c30                PendSV_Handler
 .text.SysTick_Handler
                0x0000000008000c78       0x44 ./FreeRTOS/Source/portable/GCC/ARM_CM3/port.o
                0x0000000008000c78                SysTick_Handler
 .text.vPortSetupTimerInterrupt
                0x0000000008000cbc       0x44 ./FreeRTOS/Source/portable/GCC/ARM_CM3/port.o
                0x0000000008000cbc                vPortSetupTimerInterrupt
 .text.vPortValidateInterruptPriority
                0x0000000008000d00       0x7c ./FreeRTOS/Source/portable/GCC/ARM_CM3/port.o
                0x0000000008000d00                vPortValidateInterruptPriority
 .text.vListInitialise
                0x0000000008000d7c       0x3e ./FreeRTOS/Source/list.o
                0x0000000008000d7c                vListInitialise
 .text.vListInitialiseItem
                0x0000000008000dba       0x18 ./FreeRTOS/Source/list.o
                0x0000000008000dba                vListInitialiseItem
 .text.vListInsertEnd
                0x0000000008000dd2       0x46 ./FreeRTOS/Source/list.o
                0x0000000008000dd2                vListInsertEnd
 .text.vListInsert
                0x0000000008000e18       0x70 ./FreeRTOS/Source/list.o
                0x0000000008000e18                vListInsert
 .text.uxListRemove
                0x0000000008000e88       0x52 ./FreeRTOS/Source/list.o
                0x0000000008000e88                uxListRemove
 *fill*         0x0000000008000eda        0x2 
 .text.xQueueGenericReset
                0x0000000008000edc       0xd0 ./FreeRTOS/Source/queue.o
                0x0000000008000edc                xQueueGenericReset
 .text.xQueueGenericCreate
                0x0000000008000fac       0xa0 ./FreeRTOS/Source/queue.o
                0x0000000008000fac                xQueueGenericCreate
 .text.prvInitialiseNewQueue
                0x000000000800104c       0x46 ./FreeRTOS/Source/queue.o
 *fill*         0x0000000008001092        0x2 
 .text.xQueueGenericSend
                0x0000000008001094      0x1fc ./FreeRTOS/Source/queue.o
                0x0000000008001094                xQueueGenericSend
 .text.xQueueGenericSendFromISR
                0x0000000008001290      0x154 ./FreeRTOS/Source/queue.o
                0x0000000008001290                xQueueGenericSendFromISR
 .text.xQueueReceive
                0x00000000080013e4      0x1c0 ./FreeRTOS/Source/queue.o
                0x00000000080013e4                xQueueReceive
 .text.prvCopyDataToQueue
                0x00000000080015a4       0xd4 ./FreeRTOS/Source/queue.o
 .text.prvCopyDataFromQueue
                0x0000000008001678       0x4c ./FreeRTOS/Source/queue.o
 .text.prvUnlockQueue
                0x00000000080016c4       0xa4 ./FreeRTOS/Source/queue.o
 .text.prvIsQueueEmpty
                0x0000000008001768       0x2c ./FreeRTOS/Source/queue.o
 .text.prvIsQueueFull
                0x0000000008001794       0x30 ./FreeRTOS/Source/queue.o
 .text.vQueueAddToRegistry
                0x00000000080017c4       0x50 ./FreeRTOS/Source/queue.o
                0x00000000080017c4                vQueueAddToRegistry
 .text.vQueueWaitForMessageRestricted
                0x0000000008001814       0x68 ./FreeRTOS/Source/queue.o
                0x0000000008001814                vQueueWaitForMessageRestricted
 .text.xTaskCreate
                0x000000000800187c       0x82 ./FreeRTOS/Source/tasks.o
                0x000000000800187c                xTaskCreate
 .text.prvInitialiseNewTask
                0x00000000080018fe      0x130 ./FreeRTOS/Source/tasks.o
 *fill*         0x0000000008001a2e        0x2 
 .text.prvAddNewTaskToReadyList
                0x0000000008001a30       0xe0 ./FreeRTOS/Source/tasks.o
 .text.vTaskDelay
                0x0000000008001b10       0x68 ./FreeRTOS/Source/tasks.o
                0x0000000008001b10                vTaskDelay
 .text.vTaskStartScheduler
                0x0000000008001b78       0x9c ./FreeRTOS/Source/tasks.o
                0x0000000008001b78                vTaskStartScheduler
 .text.vTaskSuspendAll
                0x0000000008001c14       0x1c ./FreeRTOS/Source/tasks.o
                0x0000000008001c14                vTaskSuspendAll
 .text.xTaskResumeAll
                0x0000000008001c30      0x13c ./FreeRTOS/Source/tasks.o
                0x0000000008001c30                xTaskResumeAll
 .text.xTaskGetTickCount
                0x0000000008001d6c       0x1c ./FreeRTOS/Source/tasks.o
                0x0000000008001d6c                xTaskGetTickCount
 .text.xTaskIncrementTick
                0x0000000008001d88      0x168 ./FreeRTOS/Source/tasks.o
                0x0000000008001d88                xTaskIncrementTick
 .text.vTaskSwitchContext
                0x0000000008001ef0       0xd8 ./FreeRTOS/Source/tasks.o
                0x0000000008001ef0                vTaskSwitchContext
 .text.vTaskPlaceOnEventList
                0x0000000008001fc8       0x48 ./FreeRTOS/Source/tasks.o
                0x0000000008001fc8                vTaskPlaceOnEventList
 .text.vTaskPlaceOnEventListRestricted
                0x0000000008002010       0x58 ./FreeRTOS/Source/tasks.o
                0x0000000008002010                vTaskPlaceOnEventListRestricted
 .text.xTaskRemoveFromEventList
                0x0000000008002068       0xc8 ./FreeRTOS/Source/tasks.o
                0x0000000008002068                xTaskRemoveFromEventList
 .text.vTaskInternalSetTimeOutState
                0x0000000008002130       0x2c ./FreeRTOS/Source/tasks.o
                0x0000000008002130                vTaskInternalSetTimeOutState
 .text.xTaskCheckForTimeOut
                0x000000000800215c       0xcc ./FreeRTOS/Source/tasks.o
                0x000000000800215c                xTaskCheckForTimeOut
 .text.vTaskMissedYield
                0x0000000008002228       0x18 ./FreeRTOS/Source/tasks.o
                0x0000000008002228                vTaskMissedYield
 .text.prvIdleTask
                0x0000000008002240       0x34 ./FreeRTOS/Source/tasks.o
 .text.prvInitialiseTaskLists
                0x0000000008002274       0x80 ./FreeRTOS/Source/tasks.o
 .text.prvCheckTasksWaitingTermination
                0x00000000080022f4       0x5c ./FreeRTOS/Source/tasks.o
 .text.prvDeleteTCB
                0x0000000008002350       0x20 ./FreeRTOS/Source/tasks.o
 .text.prvResetNextTaskUnblockTime
                0x0000000008002370       0x34 ./FreeRTOS/Source/tasks.o
 .text.xTaskGetSchedulerState
                0x00000000080023a4       0x3c ./FreeRTOS/Source/tasks.o
                0x00000000080023a4                xTaskGetSchedulerState
 .text.xTaskPriorityDisinherit
                0x00000000080023e0       0xdc ./FreeRTOS/Source/tasks.o
                0x00000000080023e0                xTaskPriorityDisinherit
 .text.prvAddCurrentTaskToDelayedList
                0x00000000080024bc       0xa8 ./FreeRTOS/Source/tasks.o
 .text.xTimerCreateTimerTask
                0x0000000008002564       0x64 ./FreeRTOS/Source/timers.o
                0x0000000008002564                xTimerCreateTimerTask
 .text.xTimerGenericCommand
                0x00000000080025c8       0x9c ./FreeRTOS/Source/timers.o
                0x00000000080025c8                xTimerGenericCommand
 .text.prvProcessExpiredTimer
                0x0000000008002664       0x98 ./FreeRTOS/Source/timers.o
 .text.prvTimerTask
                0x00000000080026fc       0x24 ./FreeRTOS/Source/timers.o
 .text.prvProcessTimerOrBlockTask
                0x0000000008002720       0x9c ./FreeRTOS/Source/timers.o
 .text.prvGetNextExpireTime
                0x00000000080027bc       0x44 ./FreeRTOS/Source/timers.o
 .text.prvSampleTimeNow
                0x0000000008002800       0x40 ./FreeRTOS/Source/timers.o
 .text.prvInsertTimerInActiveList
                0x0000000008002840       0x84 ./FreeRTOS/Source/timers.o
 .text.prvProcessReceivedCommands
                0x00000000080028c4      0x18c ./FreeRTOS/Source/timers.o
 .text.prvSwitchTimerLists
                0x0000000008002a50       0xc8 ./FreeRTOS/Source/timers.o
 .text.prvCheckForValidListAndQueue
                0x0000000008002b18       0x6c ./FreeRTOS/Source/timers.o
 .text.memset   0x0000000008002b84       0xa0 c:/users/hviei/appdata/roaming/xpacks/@xpack-dev-tools/arm-none-eabi-gcc/9.3.1-1.2.1/.content/bin/../lib/gcc/arm-none-eabi/9.3.1/../../../../arm-none-eabi/lib/thumb/v7-m/nofp\libg.a(lib_a-memset.o)
                0x0000000008002b84                memset
 *(.rodata)
 .rodata        0x0000000008002c24       0x10 ./src/hello_world.o
 .rodata        0x0000000008002c34        0x5 ./FreeRTOS/Source/tasks.o
 *fill*         0x0000000008002c39        0x3 
 .rodata        0x0000000008002c3c        0xd ./FreeRTOS/Source/timers.o
 *(.rodata.*)
 *(.strings)
 *(.glue_7)
 .glue_7        0x0000000008002c49        0x0 linker stubs
 *(.glue_7t)
 .glue_7t       0x0000000008002c49        0x0 linker stubs
 *(.eh_frame_hdr)
 *(.eh_frame)
                0x0000000008002c49                __CTOR_LIST__ = .
                0x0000000008002c49        0x4 LONG 0x0 (((__CTOR_END__ - __CTOR_LIST__) / 0x4) - 0x2)
 *(SORT_BY_NAME(.ctors))
                0x0000000008002c4d        0x4 LONG 0x0
                0x0000000008002c51                __CTOR_END__ = .
                0x0000000008002c51                __DTOR_LIST__ = .
                0x0000000008002c51        0x4 LONG 0x0 (((__DTOR_END__ - __DTOR_LIST__) / 0x4) - 0x2)
 *(SORT_BY_NAME(.dtors))
                0x0000000008002c55        0x4 LONG 0x0
                0x0000000008002c59                __DTOR_END__ = .
 *(.init)
 *(.fini)
                0x0000000008002c5c                . = ALIGN (0x4)
 *fill*         0x0000000008002c59        0x3 
                0x0000000008002c5c                _etext = .

.vfp11_veneer   0x0000000008002c5c        0x0
 .vfp11_veneer  0x0000000008002c5c        0x0 linker stubs

.v4_bx          0x0000000008002c5c        0x0
 .v4_bx         0x0000000008002c5c        0x0 linker stubs

.iplt           0x0000000008002c5c        0x0
 .iplt          0x0000000008002c5c        0x0 ./src/crt.o

.ARM.extab
 *(.ARM.extab* .gnu.linkonce.armextab.*)

.ARM            0x0000000008002c5c        0x8
                0x0000000008002c5c                __exidx_start = .
 *(.ARM.exidx*)
 .ARM.exidx.text.memset
                0x0000000008002c5c        0x8 c:/users/hviei/appdata/roaming/xpacks/@xpack-dev-tools/arm-none-eabi-gcc/9.3.1-1.2.1/.content/bin/../lib/gcc/arm-none-eabi/9.3.1/../../../../arm-none-eabi/lib/thumb/v7-m/nofp\libg.a(lib_a-memset.o)
                0x0000000008002c64                __exidx_end = .

.rel.dyn        0x0000000008002c64        0x0
 .rel.iplt      0x0000000008002c64        0x0 ./src/crt.o

.preinit_array  0x0000000008002c64        0x0
                [!provide]                        PROVIDE (__preinit_array_start = .)
 *(.preinit_array*)
                [!provide]                        PROVIDE (__preinit_array_end = .)

.init_array     0x0000000008002c64        0x0
                [!provide]                        PROVIDE (__init_array_start = .)
 *(SORT_BY_NAME(.init_array.*))
 *(.init_array*)
                [!provide]                        PROVIDE (__init_array_end = .)

.fini_array     0x0000000008002c64        0x0
                [!provide]                        PROVIDE (__fini_array_start = .)
 *(.fini_array*)
 *(SORT_BY_NAME(.fini_array.*))
                [!provide]                        PROVIDE (__fini_array_end = .)
                0x0000000008002c64                _sidata = .

.data           0x0000000020000000       0x1c load address 0x0000000008002c64
                0x0000000020000000                . = ALIGN (0x4)
                0x0000000020000000                _sdata = .
 *(.data)
 *(.data.*)
 .data.SystemCoreClock
                0x0000000020000000        0x4 ./src/system_stm32f4xx.o
                0x0000000020000000                SystemCoreClock
 .data.AHBPrescTable
                0x0000000020000004       0x10 ./src/system_stm32f4xx.o
                0x0000000020000004                AHBPrescTable
 .data.xFreeBytesRemaining
                0x0000000020000014        0x4 ./FreeRTOS/Source/portable/GCC/MemMang/heap_2.o
 .data.uxCriticalNesting
                0x0000000020000018        0x4 ./FreeRTOS/Source/portable/GCC/ARM_CM3/port.o
                0x000000002000001c                . = ALIGN (0x4)
                0x000000002000001c                _edata = .

.igot.plt       0x000000002000001c        0x0 load address 0x0000000008002c80
 .igot.plt      0x000000002000001c        0x0 ./src/crt.o

.bss            0x000000002000001c    0x12d9c load address 0x0000000008002c80
                0x000000002000001c                . = ALIGN (0x4)
                0x000000002000001c                _sbss = .
 *(.bss)
 *(.bss.*)
 .bss.ucHeap    0x000000002000001c    0x12c00 ./FreeRTOS/Source/portable/GCC/MemMang/heap_2.o
 .bss.xStart    0x0000000020012c1c        0x8 ./FreeRTOS/Source/portable/GCC/MemMang/heap_2.o
 .bss.xEnd      0x0000000020012c24        0x8 ./FreeRTOS/Source/portable/GCC/MemMang/heap_2.o
 .bss.xHeapHasBeenInitialised.5206
                0x0000000020012c2c        0x4 ./FreeRTOS/Source/portable/GCC/MemMang/heap_2.o
 .bss.ucMaxSysCallPriority
                0x0000000020012c30        0x1 ./FreeRTOS/Source/portable/GCC/ARM_CM3/port.o
 *fill*         0x0000000020012c31        0x3 
 .bss.ulMaxPRIGROUPValue
                0x0000000020012c34        0x4 ./FreeRTOS/Source/portable/GCC/ARM_CM3/port.o
 .bss.pxCurrentTCB
                0x0000000020012c38        0x4 ./FreeRTOS/Source/tasks.o
                0x0000000020012c38                pxCurrentTCB
 .bss.pxReadyTasksLists
                0x0000000020012c3c       0x64 ./FreeRTOS/Source/tasks.o
 .bss.xDelayedTaskList1
                0x0000000020012ca0       0x14 ./FreeRTOS/Source/tasks.o
 .bss.xDelayedTaskList2
                0x0000000020012cb4       0x14 ./FreeRTOS/Source/tasks.o
 .bss.pxDelayedTaskList
                0x0000000020012cc8        0x4 ./FreeRTOS/Source/tasks.o
 .bss.pxOverflowDelayedTaskList
                0x0000000020012ccc        0x4 ./FreeRTOS/Source/tasks.o
 .bss.xPendingReadyList
                0x0000000020012cd0       0x14 ./FreeRTOS/Source/tasks.o
 .bss.xTasksWaitingTermination
                0x0000000020012ce4       0x14 ./FreeRTOS/Source/tasks.o
 .bss.uxDeletedTasksWaitingCleanUp
                0x0000000020012cf8        0x4 ./FreeRTOS/Source/tasks.o
 .bss.xSuspendedTaskList
                0x0000000020012cfc       0x14 ./FreeRTOS/Source/tasks.o
 .bss.uxCurrentNumberOfTasks
                0x0000000020012d10        0x4 ./FreeRTOS/Source/tasks.o
 .bss.xTickCount
                0x0000000020012d14        0x4 ./FreeRTOS/Source/tasks.o
 .bss.uxTopReadyPriority
                0x0000000020012d18        0x4 ./FreeRTOS/Source/tasks.o
 .bss.xSchedulerRunning
                0x0000000020012d1c        0x4 ./FreeRTOS/Source/tasks.o
 .bss.xPendedTicks
                0x0000000020012d20        0x4 ./FreeRTOS/Source/tasks.o
 .bss.xYieldPending
                0x0000000020012d24        0x4 ./FreeRTOS/Source/tasks.o
 .bss.xNumOfOverflows
                0x0000000020012d28        0x4 ./FreeRTOS/Source/tasks.o
 .bss.uxTaskNumber
                0x0000000020012d2c        0x4 ./FreeRTOS/Source/tasks.o
 .bss.xNextTaskUnblockTime
                0x0000000020012d30        0x4 ./FreeRTOS/Source/tasks.o
 .bss.xIdleTaskHandle
                0x0000000020012d34        0x4 ./FreeRTOS/Source/tasks.o
 .bss.uxSchedulerSuspended
                0x0000000020012d38        0x4 ./FreeRTOS/Source/tasks.o
 .bss.xActiveTimerList1
                0x0000000020012d3c       0x14 ./FreeRTOS/Source/timers.o
 .bss.xActiveTimerList2
                0x0000000020012d50       0x14 ./FreeRTOS/Source/timers.o
 .bss.pxCurrentTimerList
                0x0000000020012d64        0x4 ./FreeRTOS/Source/timers.o
 .bss.pxOverflowTimerList
                0x0000000020012d68        0x4 ./FreeRTOS/Source/timers.o
 .bss.xTimerQueue
                0x0000000020012d6c        0x4 ./FreeRTOS/Source/timers.o
 .bss.xTimerTaskHandle
                0x0000000020012d70        0x4 ./FreeRTOS/Source/timers.o
 .bss.xLastTime.5518
                0x0000000020012d74        0x4 ./FreeRTOS/Source/timers.o
 *(COMMON)
 COMMON         0x0000000020012d78       0x40 ./FreeRTOS/Source/queue.o
                0x0000000020012d78                xQueueRegistry
                0x0000000020012db8                . = ALIGN (0x4)
                0x0000000020012db8                _ebss = .
                0x0000000020017000                . = _heap_start

.heap           0x0000000020017000     0x8000 load address 0x0000000008019c64
                0x0000000020017000                . = ALIGN (0x4)
                [!provide]                        PROVIDE (end = .)
                [!provide]                        PROVIDE (_end = .)
                0x000000002001f000                . = (. + _heap_size)
 *fill*         0x0000000020017000     0x8000 
                0x000000002001f000                . = ALIGN (0x4)
                0x000000002001f000                . = _stack_end

.stack          0x000000002001f000     0x1000 load address 0x0000000008021c64
                0x000000002001f000                . = ALIGN (0x4)
                0x0000000020020000                . = (. + _stack_size)
 *fill*         0x000000002001f000     0x1000 
                0x0000000020020000                . = ALIGN (0x4)

/DISCARD/
 libc.a(*)
 libm.a(*)
 libgcc.a(*)

.ARM.attributes
                0x0000000000000000       0x2b
 *(.ARM.attributes)
 .ARM.attributes
                0x0000000000000000       0x2d ./src/crt.o
 .ARM.attributes
                0x000000000000002d       0x2d ./src/hello_world.o
 .ARM.attributes
                0x000000000000005a       0x2d ./src/stm32f4_vector.o
 .ARM.attributes
                0x0000000000000087       0x2d ./src/system_stm32f4xx.o
 .ARM.attributes
                0x00000000000000b4       0x2d ./Libraries/STM32F4xx_StdPeriph_Driver/src/stm32f4xx_gpio.o
 .ARM.attributes
                0x00000000000000e1       0x2d ./Libraries/STM32F4xx_StdPeriph_Driver/src/stm32f4xx_rcc.o
 .ARM.attributes
                0x000000000000010e       0x2d ./FreeRTOS/Source/portable/GCC/MemMang/heap_2.o
 .ARM.attributes
                0x000000000000013b       0x2d ./FreeRTOS/Source/portable/GCC/ARM_CM3/port.o
 .ARM.attributes
                0x0000000000000168       0x2d ./FreeRTOS/Source/list.o
 .ARM.attributes
                0x0000000000000195       0x2d ./FreeRTOS/Source/queue.o
 .ARM.attributes
                0x00000000000001c2       0x2d ./FreeRTOS/Source/tasks.o
 .ARM.attributes
                0x00000000000001ef       0x2d ./FreeRTOS/Source/timers.o
 .ARM.attributes
                0x000000000000021c       0x1b c:/users/hviei/appdata/roaming/xpacks/@xpack-dev-tools/arm-none-eabi-gcc/9.3.1-1.2.1/.content/bin/../lib/gcc/arm-none-eabi/9.3.1/../../../../arm-none-eabi/lib/thumb/v7-m/nofp\libg.a(lib_a-memcpy.o)
 .ARM.attributes
                0x0000000000000237       0x2d c:/users/hviei/appdata/roaming/xpacks/@xpack-dev-tools/arm-none-eabi-gcc/9.3.1-1.2.1/.content/bin/../lib/gcc/arm-none-eabi/9.3.1/../../../../arm-none-eabi/lib/thumb/v7-m/nofp\libg.a(lib_a-memset.o)
OUTPUT(FreeRTOS2.elf elf32-littlearm)
LOAD linker stubs
LOAD c:/users/hviei/appdata/roaming/xpacks/@xpack-dev-tools/arm-none-eabi-gcc/9.3.1-1.2.1/.content/bin/../lib/gcc/arm-none-eabi/9.3.1/../../../../arm-none-eabi/lib/thumb/v7-m/nofp\libc.a
LOAD c:/users/hviei/appdata/roaming/xpacks/@xpack-dev-tools/arm-none-eabi-gcc/9.3.1-1.2.1/.content/bin/../lib/gcc/arm-none-eabi/9.3.1/../../../../arm-none-eabi/lib/thumb/v7-m/nofp\libm.a
LOAD c:/users/hviei/appdata/roaming/xpacks/@xpack-dev-tools/arm-none-eabi-gcc/9.3.1-1.2.1/.content/bin/../lib/gcc/arm-none-eabi/9.3.1/thumb/v7-m/nofp\libgcc.a

.debug_info     0x0000000000000000     0xa530
 .debug_info    0x0000000000000000      0x1b8 ./src/crt.o
 .debug_info    0x00000000000001b8      0xc65 ./src/hello_world.o
 .debug_info    0x0000000000000e1d      0x12d ./src/stm32f4_vector.o
 .debug_info    0x0000000000000f4a      0x650 ./src/system_stm32f4xx.o
 .debug_info    0x000000000000159a      0x683 ./Libraries/STM32F4xx_StdPeriph_Driver/src/stm32f4xx_gpio.o
 .debug_info    0x0000000000001c1d      0xef8 ./Libraries/STM32F4xx_StdPeriph_Driver/src/stm32f4xx_rcc.o
 .debug_info    0x0000000000002b15      0xbc3 ./FreeRTOS/Source/portable/GCC/MemMang/heap_2.o
 .debug_info    0x00000000000036d8      0x487 ./FreeRTOS/Source/portable/GCC/ARM_CM3/port.o
 .debug_info    0x0000000000003b5f      0xb82 ./FreeRTOS/Source/list.o
 .debug_info    0x00000000000046e1     0x1fc1 ./FreeRTOS/Source/queue.o
 .debug_info    0x00000000000066a2     0x2927 ./FreeRTOS/Source/tasks.o
 .debug_info    0x0000000000008fc9     0x1567 ./FreeRTOS/Source/timers.o

.debug_abbrev   0x0000000000000000     0x1ab7
 .debug_abbrev  0x0000000000000000       0x85 ./src/crt.o
 .debug_abbrev  0x0000000000000085      0x28f ./src/hello_world.o
 .debug_abbrev  0x0000000000000314       0x96 ./src/stm32f4_vector.o
 .debug_abbrev  0x00000000000003aa      0x17b ./src/system_stm32f4xx.o
 .debug_abbrev  0x0000000000000525      0x1e9 ./Libraries/STM32F4xx_StdPeriph_Driver/src/stm32f4xx_gpio.o
 .debug_abbrev  0x000000000000070e      0x1fc ./Libraries/STM32F4xx_StdPeriph_Driver/src/stm32f4xx_rcc.o
 .debug_abbrev  0x000000000000090a      0x2b4 ./FreeRTOS/Source/portable/GCC/MemMang/heap_2.o
 .debug_abbrev  0x0000000000000bbe      0x22f ./FreeRTOS/Source/portable/GCC/ARM_CM3/port.o
 .debug_abbrev  0x0000000000000ded      0x235 ./FreeRTOS/Source/list.o
 .debug_abbrev  0x0000000000001022      0x371 ./FreeRTOS/Source/queue.o
 .debug_abbrev  0x0000000000001393      0x3e9 ./FreeRTOS/Source/tasks.o
 .debug_abbrev  0x000000000000177c      0x33b ./FreeRTOS/Source/timers.o

.debug_aranges  0x0000000000000000      0x7f0
 .debug_aranges
                0x0000000000000000       0x20 ./src/crt.o
 .debug_aranges
                0x0000000000000020       0x48 ./src/hello_world.o
 .debug_aranges
                0x0000000000000068       0x20 ./src/stm32f4_vector.o
 .debug_aranges
                0x0000000000000088       0x30 ./src/system_stm32f4xx.o
 .debug_aranges
                0x00000000000000b8       0x88 ./Libraries/STM32F4xx_StdPeriph_Driver/src/stm32f4xx_gpio.o
 .debug_aranges
                0x0000000000000140      0x1b8 ./Libraries/STM32F4xx_StdPeriph_Driver/src/stm32f4xx_rcc.o
 .debug_aranges
                0x00000000000002f8       0x40 ./FreeRTOS/Source/portable/GCC/MemMang/heap_2.o
 .debug_aranges
                0x0000000000000338       0x78 ./FreeRTOS/Source/portable/GCC/ARM_CM3/port.o
 .debug_aranges
                0x00000000000003b0       0x40 ./FreeRTOS/Source/list.o
 .debug_aranges
                0x00000000000003f0      0x130 ./FreeRTOS/Source/queue.o
 .debug_aranges
                0x0000000000000520      0x1f8 ./FreeRTOS/Source/tasks.o
 .debug_aranges
                0x0000000000000718       0xd8 ./FreeRTOS/Source/timers.o

.debug_ranges   0x0000000000000000      0x730
 .debug_ranges  0x0000000000000000       0x10 ./src/crt.o
 .debug_ranges  0x0000000000000010       0x38 ./src/hello_world.o
 .debug_ranges  0x0000000000000048       0x10 ./src/stm32f4_vector.o
 .debug_ranges  0x0000000000000058       0x20 ./src/system_stm32f4xx.o
 .debug_ranges  0x0000000000000078       0x78 ./Libraries/STM32F4xx_StdPeriph_Driver/src/stm32f4xx_gpio.o
 .debug_ranges  0x00000000000000f0      0x1a8 ./Libraries/STM32F4xx_StdPeriph_Driver/src/stm32f4xx_rcc.o
 .debug_ranges  0x0000000000000298       0x30 ./FreeRTOS/Source/portable/GCC/MemMang/heap_2.o
 .debug_ranges  0x00000000000002c8       0x68 ./FreeRTOS/Source/portable/GCC/ARM_CM3/port.o
 .debug_ranges  0x0000000000000330       0x30 ./FreeRTOS/Source/list.o
 .debug_ranges  0x0000000000000360      0x120 ./FreeRTOS/Source/queue.o
 .debug_ranges  0x0000000000000480      0x1e8 ./FreeRTOS/Source/tasks.o
 .debug_ranges  0x0000000000000668       0xc8 ./FreeRTOS/Source/timers.o

.debug_macro    0x0000000000000000    0x1263d
 .debug_macro   0x0000000000000000      0x21d ./src/crt.o
 .debug_macro   0x000000000000021d      0xa90 ./src/crt.o
 .debug_macro   0x0000000000000cad       0x22 ./src/crt.o
 .debug_macro   0x0000000000000ccf       0x8e ./src/crt.o
 .debug_macro   0x0000000000000d5d       0x51 ./src/crt.o
 .debug_macro   0x0000000000000dae      0x103 ./src/crt.o
 .debug_macro   0x0000000000000eb1       0x6a ./src/crt.o
 .debug_macro   0x0000000000000f1b      0x1df ./src/crt.o
 .debug_macro   0x00000000000010fa      0x174 ./src/crt.o
 .debug_macro   0x000000000000126e      0x13d ./src/crt.o
 .debug_macro   0x00000000000013ab      0x15a ./src/crt.o
 .debug_macro   0x0000000000001505       0xcf ./src/crt.o
 .debug_macro   0x00000000000015d4       0x1c ./src/crt.o
 .debug_macro   0x00000000000015f0       0x26 ./src/crt.o
 .debug_macro   0x0000000000001616      0x41e ./src/crt.o
 .debug_macro   0x0000000000001a34       0xb5 ./src/crt.o
 .debug_macro   0x0000000000001ae9      0x119 ./src/crt.o
 .debug_macro   0x0000000000001c02       0x6a ./src/crt.o
 .debug_macro   0x0000000000001c6c       0x18 ./src/crt.o
 .debug_macro   0x0000000000001c84       0x35 ./src/crt.o
 .debug_macro   0x0000000000001cb9       0x34 ./src/crt.o
 .debug_macro   0x0000000000001ced       0x10 ./src/crt.o
 .debug_macro   0x0000000000001cfd       0x35 ./src/crt.o
 .debug_macro   0x0000000000001d32      0x339 ./src/crt.o
 .debug_macro   0x000000000000206b       0x10 ./src/crt.o
 .debug_macro   0x000000000000207b       0x16 ./src/crt.o
 .debug_macro   0x0000000000002091       0x43 ./src/crt.o
 .debug_macro   0x00000000000020d4       0x34 ./src/crt.o
 .debug_macro   0x0000000000002108       0x1c ./src/crt.o
 .debug_macro   0x0000000000002124       0x52 ./src/crt.o
 .debug_macro   0x0000000000002176       0x22 ./src/crt.o
 .debug_macro   0x0000000000002198       0x10 ./src/crt.o
 .debug_macro   0x00000000000021a8       0x40 ./src/crt.o
 .debug_macro   0x00000000000021e8       0xd5 ./src/crt.o
 .debug_macro   0x00000000000022bd       0x1c ./src/crt.o
 .debug_macro   0x00000000000022d9       0x3d ./src/crt.o
 .debug_macro   0x0000000000002316      0x51a ./src/crt.o
 .debug_macro   0x0000000000002830      0x327 ./src/hello_world.o
 .debug_macro   0x0000000000002b57       0x64 ./src/hello_world.o
 .debug_macro   0x0000000000002bbb       0x3b ./src/hello_world.o
 .debug_macro   0x0000000000002bf6       0x2d ./src/hello_world.o
 .debug_macro   0x0000000000002c23       0x42 ./src/hello_world.o
 .debug_macro   0x0000000000002c65      0xd39 ./src/hello_world.o
 .debug_macro   0x000000000000399e     0x8bb0 ./src/hello_world.o
 .debug_macro   0x000000000000c54e       0x16 ./src/hello_world.o
 .debug_macro   0x000000000000c564      0x44f ./src/hello_world.o
 .debug_macro   0x000000000000c9b3      0x3cf ./src/hello_world.o
 .debug_macro   0x000000000000cd82      0x144 ./src/hello_world.o
 .debug_macro   0x000000000000cec6      0x188 ./src/hello_world.o
 .debug_macro   0x000000000000d04e       0xb2 ./src/hello_world.o
 .debug_macro   0x000000000000d100      0x149 ./src/hello_world.o
 .debug_macro   0x000000000000d249      0x477 ./src/hello_world.o
 .debug_macro   0x000000000000d6c0       0xae ./src/hello_world.o
 .debug_macro   0x000000000000d76e      0x41c ./src/hello_world.o
 .debug_macro   0x000000000000db8a      0x279 ./src/hello_world.o
 .debug_macro   0x000000000000de03       0xc3 ./src/hello_world.o
 .debug_macro   0x000000000000dec6      0x2bc ./src/hello_world.o
 .debug_macro   0x000000000000e182      0x2bb ./src/hello_world.o
 .debug_macro   0x000000000000e43d       0x64 ./src/hello_world.o
 .debug_macro   0x000000000000e4a1       0xe7 ./src/hello_world.o
 .debug_macro   0x000000000000e588      0x62f ./src/hello_world.o
 .debug_macro   0x000000000000ebb7       0x40 ./src/hello_world.o
 .debug_macro   0x000000000000ebf7      0x57b ./src/hello_world.o
 .debug_macro   0x000000000000f172      0x342 ./src/hello_world.o
 .debug_macro   0x000000000000f4b4      0x36c ./src/hello_world.o
 .debug_macro   0x000000000000f820       0xf7 ./src/hello_world.o
 .debug_macro   0x000000000000f917      0x73b ./src/hello_world.o
 .debug_macro   0x0000000000010052      0x223 ./src/hello_world.o
 .debug_macro   0x0000000000010275       0x34 ./src/hello_world.o
 .debug_macro   0x00000000000102a9       0x82 ./src/hello_world.o
 .debug_macro   0x000000000001032b       0x35 ./src/hello_world.o
 .debug_macro   0x0000000000010360       0x88 ./src/hello_world.o
 .debug_macro   0x00000000000103e8      0x13d ./src/hello_world.o
 .debug_macro   0x0000000000010525       0x16 ./src/hello_world.o
 .debug_macro   0x000000000001053b       0x10 ./src/hello_world.o
 .debug_macro   0x000000000001054b       0x58 ./src/hello_world.o
 .debug_macro   0x00000000000105a3      0x182 ./src/hello_world.o
 .debug_macro   0x0000000000010725       0x16 ./src/hello_world.o
 .debug_macro   0x000000000001073b       0x29 ./src/hello_world.o
 .debug_macro   0x0000000000010764       0x16 ./src/hello_world.o
 .debug_macro   0x000000000001077a       0x77 ./src/stm32f4_vector.o
 .debug_macro   0x00000000000107f1      0x1d9 ./src/system_stm32f4xx.o
 .debug_macro   0x00000000000109ca      0x1bf ./Libraries/STM32F4xx_StdPeriph_Driver/src/stm32f4xx_gpio.o
 .debug_macro   0x0000000000010b89      0x2b6 ./Libraries/STM32F4xx_StdPeriph_Driver/src/stm32f4xx_gpio.o
 .debug_macro   0x0000000000010e3f      0x289 ./Libraries/STM32F4xx_StdPeriph_Driver/src/stm32f4xx_rcc.o
 .debug_macro   0x00000000000110c8      0x629 ./Libraries/STM32F4xx_StdPeriph_Driver/src/stm32f4xx_rcc.o
 .debug_macro   0x00000000000116f1      0x1b5 ./FreeRTOS/Source/portable/GCC/MemMang/heap_2.o
 .debug_macro   0x00000000000118a6       0x64 ./FreeRTOS/Source/portable/GCC/MemMang/heap_2.o
 .debug_macro   0x000000000001190a       0x94 ./FreeRTOS/Source/portable/GCC/MemMang/heap_2.o
 .debug_macro   0x000000000001199e      0x10e ./FreeRTOS/Source/portable/GCC/MemMang/heap_2.o
 .debug_macro   0x0000000000011aac       0x8d ./FreeRTOS/Source/portable/GCC/MemMang/heap_2.o
 .debug_macro   0x0000000000011b39       0x57 ./FreeRTOS/Source/portable/GCC/MemMang/heap_2.o
 .debug_macro   0x0000000000011b90      0x182 ./FreeRTOS/Source/portable/GCC/ARM_CM3/port.o
 .debug_macro   0x0000000000011d12      0x194 ./FreeRTOS/Source/list.o
 .debug_macro   0x0000000000011ea6      0x218 ./FreeRTOS/Source/queue.o
 .debug_macro   0x00000000000120be       0x80 ./FreeRTOS/Source/queue.o
 .debug_macro   0x000000000001213e      0x27b ./FreeRTOS/Source/tasks.o
 .debug_macro   0x00000000000123b9       0x10 ./FreeRTOS/Source/tasks.o
 .debug_macro   0x00000000000123c9      0x1dd ./FreeRTOS/Source/timers.o
 .debug_macro   0x00000000000125a6       0x97 ./FreeRTOS/Source/timers.o

.debug_line     0x0000000000000000     0x7d93
 .debug_line    0x0000000000000000      0x5b5 ./src/crt.o
 .debug_line    0x00000000000005b5      0x8bd ./src/hello_world.o
 .debug_line    0x0000000000000e72      0x2ee ./src/stm32f4_vector.o
 .debug_line    0x0000000000001160      0x758 ./src/system_stm32f4xx.o
 .debug_line    0x00000000000018b8      0x906 ./Libraries/STM32F4xx_StdPeriph_Driver/src/stm32f4xx_gpio.o
 .debug_line    0x00000000000021be      0xe98 ./Libraries/STM32F4xx_StdPeriph_Driver/src/stm32f4xx_rcc.o
 .debug_line    0x0000000000003056      0x606 ./FreeRTOS/Source/portable/GCC/MemMang/heap_2.o
 .debug_line    0x000000000000365c      0x6ce ./FreeRTOS/Source/portable/GCC/ARM_CM3/port.o
 .debug_line    0x0000000000003d2a      0x59c ./FreeRTOS/Source/list.o
 .debug_line    0x00000000000042c6     0x142e ./FreeRTOS/Source/queue.o
 .debug_line    0x00000000000056f4     0x1ba8 ./FreeRTOS/Source/tasks.o
 .debug_line    0x000000000000729c      0xaf7 ./FreeRTOS/Source/timers.o

.debug_str      0x0000000000000000    0x6c109
 .debug_str     0x0000000000000000     0xb590 ./src/crt.o
                                       0xb798 (size before relaxing)
 .debug_str     0x000000000000b590    0x5bda1 ./src/hello_world.o
                                      0x65c41 (size before relaxing)
 .debug_str     0x0000000000067331       0x33 ./src/stm32f4_vector.o
                                       0x3d11 (size before relaxing)
 .debug_str     0x0000000000067364      0x24a ./src/system_stm32f4xx.o
                                      0x5e3ae (size before relaxing)
 .debug_str     0x00000000000675ae      0x1a0 ./Libraries/STM32F4xx_StdPeriph_Driver/src/stm32f4xx_gpio.o
                                      0x5e481 (size before relaxing)
 .debug_str     0x000000000006774e      0xc75 ./Libraries/STM32F4xx_StdPeriph_Driver/src/stm32f4xx_rcc.o
                                      0x5ef3d (size before relaxing)
 .debug_str     0x00000000000683c3      0x3b5 ./FreeRTOS/Source/portable/GCC/MemMang/heap_2.o
                                       0xb68a (size before relaxing)
 .debug_str     0x0000000000068778      0x742 ./FreeRTOS/Source/portable/GCC/ARM_CM3/port.o
                                       0x8d73 (size before relaxing)
 .debug_str     0x0000000000068eba      0x12c ./FreeRTOS/Source/list.o
                                       0xa24b (size before relaxing)
 .debug_str     0x0000000000068fe6      0xfd3 ./FreeRTOS/Source/queue.o
                                       0xc44c (size before relaxing)
 .debug_str     0x0000000000069fb9     0x1c0b ./FreeRTOS/Source/tasks.o
                                       0xd19d (size before relaxing)
 .debug_str     0x000000000006bbc4      0x545 ./FreeRTOS/Source/timers.o
                                       0xc87c (size before relaxing)

.comment        0x0000000000000000       0x43
 .comment       0x0000000000000000       0x43 ./src/crt.o
                                         0x44 (size before relaxing)
 .comment       0x0000000000000043       0x44 ./src/hello_world.o
 .comment       0x0000000000000043       0x44 ./src/stm32f4_vector.o
 .comment       0x0000000000000043       0x44 ./src/system_stm32f4xx.o
 .comment       0x0000000000000043       0x44 ./Libraries/STM32F4xx_StdPeriph_Driver/src/stm32f4xx_gpio.o
 .comment       0x0000000000000043       0x44 ./Libraries/STM32F4xx_StdPeriph_Driver/src/stm32f4xx_rcc.o
 .comment       0x0000000000000043       0x44 ./FreeRTOS/Source/portable/GCC/MemMang/heap_2.o
 .comment       0x0000000000000043       0x44 ./FreeRTOS/Source/portable/GCC/ARM_CM3/port.o
 .comment       0x0000000000000043       0x44 ./FreeRTOS/Source/list.o
 .comment       0x0000000000000043       0x44 ./FreeRTOS/Source/queue.o
 .comment       0x0000000000000043       0x44 ./FreeRTOS/Source/tasks.o
 .comment       0x0000000000000043       0x44 ./FreeRTOS/Source/timers.o

.debug_frame    0x0000000000000000     0x20c0
 .debug_frame   0x0000000000000000       0x34 ./src/crt.o
 .debug_frame   0x0000000000000034       0xd8 ./src/hello_world.o
 .debug_frame   0x000000000000010c       0x30 ./src/stm32f4_vector.o
 .debug_frame   0x000000000000013c       0x7c ./src/system_stm32f4xx.o
 .debug_frame   0x00000000000001b8      0x23c ./Libraries/STM32F4xx_StdPeriph_Driver/src/stm32f4xx_gpio.o
 .debug_frame   0x00000000000003f4      0x814 ./Libraries/STM32F4xx_StdPeriph_Driver/src/stm32f4xx_rcc.o
 .debug_frame   0x0000000000000c08       0xc0 ./FreeRTOS/Source/portable/GCC/MemMang/heap_2.o
 .debug_frame   0x0000000000000cc8      0x198 ./FreeRTOS/Source/portable/GCC/ARM_CM3/port.o
 .debug_frame   0x0000000000000e60       0xd8 ./FreeRTOS/Source/list.o
 .debug_frame   0x0000000000000f38      0x534 ./FreeRTOS/Source/queue.o
 .debug_frame   0x000000000000146c      0x890 ./FreeRTOS/Source/tasks.o
 .debug_frame   0x0000000000001cfc      0x38c ./FreeRTOS/Source/timers.o
 .debug_frame   0x0000000000002088       0x38 c:/users/hviei/appdata/roaming/xpacks/@xpack-dev-tools/arm-none-eabi-gcc/9.3.1-1.2.1/.content/bin/../lib/gcc/arm-none-eabi/9.3.1/../../../../arm-none-eabi/lib/thumb/v7-m/nofp\libg.a(lib_a-memset.o)
