Archive member included to satisfy reference by file (symbol)

c:/users/hviei/appdata/roaming/xpacks/@xpack-dev-tools/arm-none-eabi-gcc/9.3.1-1.2.1/.content/bin/../lib/gcc/arm-none-eabi/9.3.1/thumb/v7-m/nofp\libgcc.a(_aeabi_uldivmod.o)
                              ./Libraries/STM32F4xx_HAL_Driver/Src/stm32f4xx_hal_rcc.o (__aeabi_uldivmod)
c:/users/hviei/appdata/roaming/xpacks/@xpack-dev-tools/arm-none-eabi-gcc/9.3.1-1.2.1/.content/bin/../lib/gcc/arm-none-eabi/9.3.1/thumb/v7-m/nofp\libgcc.a(_udivmoddi4.o)
                              c:/users/hviei/appdata/roaming/xpacks/@xpack-dev-tools/arm-none-eabi-gcc/9.3.1-1.2.1/.content/bin/../lib/gcc/arm-none-eabi/9.3.1/thumb/v7-m/nofp\libgcc.a(_aeabi_uldivmod.o) (__udivmoddi4)
c:/users/hviei/appdata/roaming/xpacks/@xpack-dev-tools/arm-none-eabi-gcc/9.3.1-1.2.1/.content/bin/../lib/gcc/arm-none-eabi/9.3.1/thumb/v7-m/nofp\libgcc.a(_dvmd_tls.o)
                              c:/users/hviei/appdata/roaming/xpacks/@xpack-dev-tools/arm-none-eabi-gcc/9.3.1-1.2.1/.content/bin/../lib/gcc/arm-none-eabi/9.3.1/thumb/v7-m/nofp\libgcc.a(_aeabi_uldivmod.o) (__aeabi_ldiv0)
c:/users/hviei/appdata/roaming/xpacks/@xpack-dev-tools/arm-none-eabi-gcc/9.3.1-1.2.1/.content/bin/../lib/gcc/arm-none-eabi/9.3.1/../../../../arm-none-eabi/lib/thumb/v7-m/nofp\libg_nano.a(lib_a-exit.o)
                              c:/users/hviei/appdata/roaming/xpacks/@xpack-dev-tools/arm-none-eabi-gcc/9.3.1-1.2.1/.content/bin/../lib/gcc/arm-none-eabi/9.3.1/../../../../arm-none-eabi/lib/thumb/v7-m/nofp/crt0.o (exit)
c:/users/hviei/appdata/roaming/xpacks/@xpack-dev-tools/arm-none-eabi-gcc/9.3.1-1.2.1/.content/bin/../lib/gcc/arm-none-eabi/9.3.1/../../../../arm-none-eabi/lib/thumb/v7-m/nofp\libg_nano.a(lib_a-impure.o)
                              c:/users/hviei/appdata/roaming/xpacks/@xpack-dev-tools/arm-none-eabi-gcc/9.3.1-1.2.1/.content/bin/../lib/gcc/arm-none-eabi/9.3.1/../../../../arm-none-eabi/lib/thumb/v7-m/nofp\libg_nano.a(lib_a-exit.o) (_global_impure_ptr)
c:/users/hviei/appdata/roaming/xpacks/@xpack-dev-tools/arm-none-eabi-gcc/9.3.1-1.2.1/.content/bin/../lib/gcc/arm-none-eabi/9.3.1/../../../../arm-none-eabi/lib/thumb/v7-m/nofp\libg_nano.a(lib_a-init.o)
                              c:/users/hviei/appdata/roaming/xpacks/@xpack-dev-tools/arm-none-eabi-gcc/9.3.1-1.2.1/.content/bin/../lib/gcc/arm-none-eabi/9.3.1/../../../../arm-none-eabi/lib/thumb/v7-m/nofp/crt0.o (__libc_init_array)
c:/users/hviei/appdata/roaming/xpacks/@xpack-dev-tools/arm-none-eabi-gcc/9.3.1-1.2.1/.content/bin/../lib/gcc/arm-none-eabi/9.3.1/../../../../arm-none-eabi/lib/thumb/v7-m/nofp\libg_nano.a(lib_a-memcpy-stub.o)
                              ./FreeRTOS/Source/queue.o (memcpy)
c:/users/hviei/appdata/roaming/xpacks/@xpack-dev-tools/arm-none-eabi-gcc/9.3.1-1.2.1/.content/bin/../lib/gcc/arm-none-eabi/9.3.1/../../../../arm-none-eabi/lib/thumb/v7-m/nofp\libg_nano.a(lib_a-memset.o)
                              c:/users/hviei/appdata/roaming/xpacks/@xpack-dev-tools/arm-none-eabi-gcc/9.3.1-1.2.1/.content/bin/../lib/gcc/arm-none-eabi/9.3.1/../../../../arm-none-eabi/lib/thumb/v7-m/nofp/crt0.o (memset)

Allocating common symbols
Common symbol       size              file

uwTick              0x4               ./Libraries/STM32F4xx_HAL_Driver/Src/stm32f4xx_hal.o
xQueueRegistry      0x40              ./FreeRTOS/Source/queue.o

Discarded input sections

 .text          0x0000000000000000        0x0 c:/users/hviei/appdata/roaming/xpacks/@xpack-dev-tools/arm-none-eabi-gcc/9.3.1-1.2.1/.content/bin/../lib/gcc/arm-none-eabi/9.3.1/thumb/v7-m/nofp/crti.o
 .data          0x0000000000000000        0x0 c:/users/hviei/appdata/roaming/xpacks/@xpack-dev-tools/arm-none-eabi-gcc/9.3.1-1.2.1/.content/bin/../lib/gcc/arm-none-eabi/9.3.1/thumb/v7-m/nofp/crti.o
 .bss           0x0000000000000000        0x0 c:/users/hviei/appdata/roaming/xpacks/@xpack-dev-tools/arm-none-eabi-gcc/9.3.1-1.2.1/.content/bin/../lib/gcc/arm-none-eabi/9.3.1/thumb/v7-m/nofp/crti.o
 .text          0x0000000000000000        0x0 c:/users/hviei/appdata/roaming/xpacks/@xpack-dev-tools/arm-none-eabi-gcc/9.3.1-1.2.1/.content/bin/../lib/gcc/arm-none-eabi/9.3.1/thumb/v7-m/nofp/crtbegin.o
 .data          0x0000000000000000        0x0 c:/users/hviei/appdata/roaming/xpacks/@xpack-dev-tools/arm-none-eabi-gcc/9.3.1-1.2.1/.content/bin/../lib/gcc/arm-none-eabi/9.3.1/thumb/v7-m/nofp/crtbegin.o
 .bss           0x0000000000000000        0x0 c:/users/hviei/appdata/roaming/xpacks/@xpack-dev-tools/arm-none-eabi-gcc/9.3.1-1.2.1/.content/bin/../lib/gcc/arm-none-eabi/9.3.1/thumb/v7-m/nofp/crtbegin.o
 .data.__dso_handle
                0x0000000000000000        0x4 c:/users/hviei/appdata/roaming/xpacks/@xpack-dev-tools/arm-none-eabi-gcc/9.3.1-1.2.1/.content/bin/../lib/gcc/arm-none-eabi/9.3.1/thumb/v7-m/nofp/crtbegin.o
[...]
Memory Configuration

Name             Origin             Length             Attributes
FLASH            0x0000000008000000 0x0000000000100000 xr
RAM              0x0000000020000000 0x0000000000020000 xrw
CCMRAM           0x0000000010000000 0x0000000000010000 rw
*default*        0x0000000000000000 0xffffffffffffffff

Linker script and memory map

LOAD c:/users/hviei/appdata/roaming/xpacks/@xpack-dev-tools/arm-none-eabi-gcc/9.3.1-1.2.1/.content/bin/../lib/gcc/arm-none-eabi/9.3.1/thumb/v7-m/nofp/crti.o
LOAD c:/users/hviei/appdata/roaming/xpacks/@xpack-dev-tools/arm-none-eabi-gcc/9.3.1-1.2.1/.content/bin/../lib/gcc/arm-none-eabi/9.3.1/thumb/v7-m/nofp/crtbegin.o
LOAD c:/users/hviei/appdata/roaming/xpacks/@xpack-dev-tools/arm-none-eabi-gcc/9.3.1-1.2.1/.content/bin/../lib/gcc/arm-none-eabi/9.3.1/../../../../arm-none-eabi/lib/thumb/v7-m/nofp/crt0.o
LOAD ./Libraries/STM32F4xx_HAL_Driver/Src/stm32f4xx_hal.o
LOAD ./Libraries/STM32F4xx_HAL_Driver/Src/stm32f4xx_hal_cortex.o
LOAD ./Libraries/STM32F4xx_HAL_Driver/Src/stm32f4xx_hal_gpio.o
LOAD ./Libraries/STM32F4xx_HAL_Driver/Src/stm32f4xx_hal_rcc.o
LOAD ./Libraries/STM32F4xx_HAL_Driver/Src/stm32f4xx_hal_rcc_ex.o
LOAD ./FreeRTOS/Source/portable/GCC/MemMang/heap_2.o
LOAD ./FreeRTOS/Source/portable/GCC/ARM_CM3/port.o
LOAD ./FreeRTOS/Source/list.o
LOAD ./FreeRTOS/Source/queue.o
LOAD ./FreeRTOS/Source/tasks.o
LOAD ./FreeRTOS/Source/timers.o
LOAD ./blink_leds_qemu.o
LOAD ./startup_stm32f407xx.o
LOAD ./stm32f4_discovery.o
LOAD ./system_stm32f4xx.o
START GROUP
LOAD c:/users/hviei/appdata/roaming/xpacks/@xpack-dev-tools/arm-none-eabi-gcc/9.3.1-1.2.1/.content/bin/../lib/gcc/arm-none-eabi/9.3.1/thumb/v7-m/nofp\libgcc.a
LOAD c:/users/hviei/appdata/roaming/xpacks/@xpack-dev-tools/arm-none-eabi-gcc/9.3.1-1.2.1/.content/bin/../lib/gcc/arm-none-eabi/9.3.1/../../../../arm-none-eabi/lib/thumb/v7-m/nofp\libg_nano.a
LOAD c:/users/hviei/appdata/roaming/xpacks/@xpack-dev-tools/arm-none-eabi-gcc/9.3.1-1.2.1/.content/bin/../lib/gcc/arm-none-eabi/9.3.1/../../../../arm-none-eabi/lib/thumb/v7-m/nofp\libc_nano.a
END GROUP
START GROUP
LOAD c:/users/hviei/appdata/roaming/xpacks/@xpack-dev-tools/arm-none-eabi-gcc/9.3.1-1.2.1/.content/bin/../lib/gcc/arm-none-eabi/9.3.1/thumb/v7-m/nofp\libgcc.a
LOAD c:/users/hviei/appdata/roaming/xpacks/@xpack-dev-tools/arm-none-eabi-gcc/9.3.1-1.2.1/.content/bin/../lib/gcc/arm-none-eabi/9.3.1/../../../../arm-none-eabi/lib/thumb/v7-m/nofp\libc_nano.a
END GROUP
LOAD c:/users/hviei/appdata/roaming/xpacks/@xpack-dev-tools/arm-none-eabi-gcc/9.3.1-1.2.1/.content/bin/../lib/gcc/arm-none-eabi/9.3.1/thumb/v7-m/nofp/crtend.o
LOAD c:/users/hviei/appdata/roaming/xpacks/@xpack-dev-tools/arm-none-eabi-gcc/9.3.1-1.2.1/.content/bin/../lib/gcc/arm-none-eabi/9.3.1/thumb/v7-m/nofp/crtn.o
                0x0000000020020000                _estack = 0x20020000
                0x0000000000000200                _Min_Heap_Size = 0x200
                0x0000000000000400                _Min_Stack_Size = 0x400

.isr_vector     0x0000000008000000      0x188
                0x0000000008000000                . = ALIGN (0x4)
 *(.isr_vector)
 .isr_vector    0x0000000008000000      0x188 ./startup_stm32f407xx.o
                0x0000000008000000                g_pfnVectors
                0x0000000008000188                . = ALIGN (0x4)

.text           0x0000000008000190     0x2c28
                0x0000000008000190                . = ALIGN (0x4)
 *(.text)
 *(.text*)
 .text.__do_global_dtors_aux
                0x0000000008000190       0x24 c:/users/hviei/appdata/roaming/xpacks/@xpack-dev-tools/arm-none-eabi-gcc/9.3.1-1.2.1/.content/bin/../lib/gcc/arm-none-eabi/9.3.1/thumb/v7-m/nofp/crtbegin.o
 .text.frame_dummy
                0x00000000080001b4       0x1c c:/users/hviei/appdata/roaming/xpacks/@xpack-dev-tools/arm-none-eabi-gcc/9.3.1-1.2.1/.content/bin/../lib/gcc/arm-none-eabi/9.3.1/thumb/v7-m/nofp/crtbegin.o
 .text.HAL_GPIO_Init
                0x00000000080001d0      0x334 ./Libraries/STM32F4xx_HAL_Driver/Src/stm32f4xx_hal_gpio.o
                0x00000000080001d0                HAL_GPIO_Init
 .text.HAL_GPIO_WritePin
                0x0000000008000504       0x30 ./Libraries/STM32F4xx_HAL_Driver/Src/stm32f4xx_hal_gpio.o
                0x0000000008000504                HAL_GPIO_WritePin
 .text.pvPortMalloc
                0x0000000008000534      0x128 ./FreeRTOS/Source/portable/GCC/MemMang/heap_2.o
                0x0000000008000534                pvPortMalloc
 .text.vPortFree
                0x000000000800065c       0x74 ./FreeRTOS/Source/portable/GCC/MemMang/heap_2.o
                0x000000000800065c                vPortFree
 .text.prvHeapInit
                0x00000000080006d0       0x50 ./FreeRTOS/Source/portable/GCC/MemMang/heap_2.o
 .text.pxPortInitialiseStack
                0x0000000008000720       0x58 ./FreeRTOS/Source/portable/GCC/ARM_CM3/port.o
                0x0000000008000720                pxPortInitialiseStack
 .text.prvTaskExitError
                0x0000000008000778       0x58 ./FreeRTOS/Source/portable/GCC/ARM_CM3/port.o
 .text.SVC_Handler
                0x00000000080007d0       0x28 ./FreeRTOS/Source/portable/GCC/ARM_CM3/port.o
                0x00000000080007d0                SVC_Handler
 .text.prvPortStartFirstTask
                0x00000000080007f8       0x24 ./FreeRTOS/Source/portable/GCC/ARM_CM3/port.o
 .text.xPortStartScheduler
                0x000000000800081c      0x104 ./FreeRTOS/Source/portable/GCC/ARM_CM3/port.o
                0x000000000800081c                xPortStartScheduler
 .text.vPortEnterCritical
                0x0000000008000920       0x60 ./FreeRTOS/Source/portable/GCC/ARM_CM3/port.o
                0x0000000008000920                vPortEnterCritical
 .text.vPortExitCritical
                0x0000000008000980       0x50 ./FreeRTOS/Source/portable/GCC/ARM_CM3/port.o
                0x0000000008000980                vPortExitCritical
 .text.PendSV_Handler
                0x00000000080009d0       0x48 ./FreeRTOS/Source/portable/GCC/ARM_CM3/port.o
                0x00000000080009d0                PendSV_Handler
 .text.SysTick_Handler
                0x0000000008000a18       0x44 ./FreeRTOS/Source/portable/GCC/ARM_CM3/port.o
                0x0000000008000a18                SysTick_Handler
 .text.vPortSetupTimerInterrupt
                0x0000000008000a5c       0x44 ./FreeRTOS/Source/portable/GCC/ARM_CM3/port.o
                0x0000000008000a5c                vPortSetupTimerInterrupt
 .text.vPortValidateInterruptPriority
                0x0000000008000aa0       0x7c ./FreeRTOS/Source/portable/GCC/ARM_CM3/port.o
                0x0000000008000aa0                vPortValidateInterruptPriority
 .text.vListInitialise
                0x0000000008000b1c       0x3e ./FreeRTOS/Source/list.o
                0x0000000008000b1c                vListInitialise
 .text.vListInitialiseItem
                0x0000000008000b5a       0x18 ./FreeRTOS/Source/list.o
                0x0000000008000b5a                vListInitialiseItem
 .text.vListInsertEnd
                0x0000000008000b72       0x46 ./FreeRTOS/Source/list.o
                0x0000000008000b72                vListInsertEnd
 .text.vListInsert
                0x0000000008000bb8       0x70 ./FreeRTOS/Source/list.o
                0x0000000008000bb8                vListInsert
 .text.uxListRemove
                0x0000000008000c28       0x52 ./FreeRTOS/Source/list.o
                0x0000000008000c28                uxListRemove
 *fill*         0x0000000008000c7a        0x2 
 .text.xQueueGenericReset
                0x0000000008000c7c       0xd0 ./FreeRTOS/Source/queue.o
                0x0000000008000c7c                xQueueGenericReset
 .text.xQueueGenericCreate
                0x0000000008000d4c       0xa0 ./FreeRTOS/Source/queue.o
                0x0000000008000d4c                xQueueGenericCreate
 .text.prvInitialiseNewQueue
                0x0000000008000dec       0x46 ./FreeRTOS/Source/queue.o
 *fill*         0x0000000008000e32        0x2 
 .text.xQueueGenericSend
                0x0000000008000e34      0x1fc ./FreeRTOS/Source/queue.o
                0x0000000008000e34                xQueueGenericSend
 .text.xQueueGenericSendFromISR
                0x0000000008001030      0x154 ./FreeRTOS/Source/queue.o
                0x0000000008001030                xQueueGenericSendFromISR
 .text.xQueueReceive
                0x0000000008001184      0x1c0 ./FreeRTOS/Source/queue.o
                0x0000000008001184                xQueueReceive
 .text.prvCopyDataToQueue
                0x0000000008001344       0xd4 ./FreeRTOS/Source/queue.o
 .text.prvCopyDataFromQueue
                0x0000000008001418       0x4c ./FreeRTOS/Source/queue.o
 .text.prvUnlockQueue
                0x0000000008001464       0xa4 ./FreeRTOS/Source/queue.o
 .text.prvIsQueueEmpty
                0x0000000008001508       0x2c ./FreeRTOS/Source/queue.o
 .text.prvIsQueueFull
                0x0000000008001534       0x30 ./FreeRTOS/Source/queue.o
 .text.vQueueAddToRegistry
                0x0000000008001564       0x50 ./FreeRTOS/Source/queue.o
                0x0000000008001564                vQueueAddToRegistry
 .text.vQueueWaitForMessageRestricted
                0x00000000080015b4       0x68 ./FreeRTOS/Source/queue.o
                0x00000000080015b4                vQueueWaitForMessageRestricted
 .text.xTaskCreate
                0x000000000800161c       0x82 ./FreeRTOS/Source/tasks.o
                0x000000000800161c                xTaskCreate
 .text.prvInitialiseNewTask
                0x000000000800169e      0x130 ./FreeRTOS/Source/tasks.o
 *fill*         0x00000000080017ce        0x2 
 .text.prvAddNewTaskToReadyList
                0x00000000080017d0       0xe0 ./FreeRTOS/Source/tasks.o
 .text.vTaskDelay
                0x00000000080018b0       0x68 ./FreeRTOS/Source/tasks.o
                0x00000000080018b0                vTaskDelay
 .text.vTaskStartScheduler
                0x0000000008001918       0x9c ./FreeRTOS/Source/tasks.o
                0x0000000008001918                vTaskStartScheduler
 .text.vTaskSuspendAll
                0x00000000080019b4       0x1c ./FreeRTOS/Source/tasks.o
                0x00000000080019b4                vTaskSuspendAll
 .text.xTaskResumeAll
                0x00000000080019d0      0x13c ./FreeRTOS/Source/tasks.o
                0x00000000080019d0                xTaskResumeAll
 .text.xTaskGetTickCount
                0x0000000008001b0c       0x1c ./FreeRTOS/Source/tasks.o
                0x0000000008001b0c                xTaskGetTickCount
 .text.xTaskIncrementTick
                0x0000000008001b28      0x168 ./FreeRTOS/Source/tasks.o
                0x0000000008001b28                xTaskIncrementTick
 .text.vTaskSwitchContext
                0x0000000008001c90       0xd8 ./FreeRTOS/Source/tasks.o
                0x0000000008001c90                vTaskSwitchContext
 .text.vTaskPlaceOnEventList
                0x0000000008001d68       0x48 ./FreeRTOS/Source/tasks.o
                0x0000000008001d68                vTaskPlaceOnEventList
 .text.vTaskPlaceOnEventListRestricted
                0x0000000008001db0       0x58 ./FreeRTOS/Source/tasks.o
                0x0000000008001db0                vTaskPlaceOnEventListRestricted
 .text.xTaskRemoveFromEventList
                0x0000000008001e08       0xc8 ./FreeRTOS/Source/tasks.o
                0x0000000008001e08                xTaskRemoveFromEventList
 .text.vTaskInternalSetTimeOutState
                0x0000000008001ed0       0x2c ./FreeRTOS/Source/tasks.o
                0x0000000008001ed0                vTaskInternalSetTimeOutState
 .text.xTaskCheckForTimeOut
                0x0000000008001efc       0xcc ./FreeRTOS/Source/tasks.o
                0x0000000008001efc                xTaskCheckForTimeOut
 .text.vTaskMissedYield
                0x0000000008001fc8       0x18 ./FreeRTOS/Source/tasks.o
                0x0000000008001fc8                vTaskMissedYield
 .text.prvIdleTask
                0x0000000008001fe0       0x34 ./FreeRTOS/Source/tasks.o
 .text.prvInitialiseTaskLists
                0x0000000008002014       0x80 ./FreeRTOS/Source/tasks.o
 .text.prvCheckTasksWaitingTermination
                0x0000000008002094       0x5c ./FreeRTOS/Source/tasks.o
 .text.prvDeleteTCB
                0x00000000080020f0       0x20 ./FreeRTOS/Source/tasks.o
 .text.prvResetNextTaskUnblockTime
                0x0000000008002110       0x34 ./FreeRTOS/Source/tasks.o
 .text.xTaskGetSchedulerState
                0x0000000008002144       0x3c ./FreeRTOS/Source/tasks.o
                0x0000000008002144                xTaskGetSchedulerState
 .text.xTaskPriorityDisinherit
                0x0000000008002180       0xdc ./FreeRTOS/Source/tasks.o
                0x0000000008002180                xTaskPriorityDisinherit
 .text.prvAddCurrentTaskToDelayedList
                0x000000000800225c       0xa8 ./FreeRTOS/Source/tasks.o
 .text.xTimerCreateTimerTask
                0x0000000008002304       0x64 ./FreeRTOS/Source/timers.o
                0x0000000008002304                xTimerCreateTimerTask
 .text.xTimerGenericCommand
                0x0000000008002368       0x9c ./FreeRTOS/Source/timers.o
                0x0000000008002368                xTimerGenericCommand
 .text.prvProcessExpiredTimer
                0x0000000008002404       0x98 ./FreeRTOS/Source/timers.o
 .text.prvTimerTask
                0x000000000800249c       0x24 ./FreeRTOS/Source/timers.o
 .text.prvProcessTimerOrBlockTask
                0x00000000080024c0       0x9c ./FreeRTOS/Source/timers.o
 .text.prvGetNextExpireTime
                0x000000000800255c       0x44 ./FreeRTOS/Source/timers.o
 .text.prvSampleTimeNow
                0x00000000080025a0       0x40 ./FreeRTOS/Source/timers.o
 .text.prvInsertTimerInActiveList
                0x00000000080025e0       0x84 ./FreeRTOS/Source/timers.o
 .text.prvProcessReceivedCommands
                0x0000000008002664      0x18c ./FreeRTOS/Source/timers.o
 .text.prvSwitchTimerLists
                0x00000000080027f0       0xc8 ./FreeRTOS/Source/timers.o
 .text.prvCheckForValidListAndQueue
                0x00000000080028b8       0x6c ./FreeRTOS/Source/timers.o
 .text.vApplicationIdleHook
                0x0000000008002924        0xc ./blink_leds_qemu.o
                0x0000000008002924                vApplicationIdleHook
 .text.vApplicationStackOverflowHook
                0x0000000008002930       0x14 ./blink_leds_qemu.o
                0x0000000008002930                vApplicationStackOverflowHook
 .text.vApplicationTickHook
                0x0000000008002944        0xc ./blink_leds_qemu.o
                0x0000000008002944                vApplicationTickHook
 .text.vApplicationMallocFailedHook
                0x0000000008002950        0xc ./blink_leds_qemu.o
                0x0000000008002950                vApplicationMallocFailedHook
 .text.main     0x000000000800295c       0x64 ./blink_leds_qemu.o
                0x000000000800295c                main
 .text.blink_leds_task
                0x00000000080029c0       0x62 ./blink_leds_qemu.o
 *fill*         0x0000000008002a22        0x2 
 .text.Reset_Handler
                0x0000000008002a24       0x50 ./startup_stm32f407xx.o
                0x0000000008002a24                Reset_Handler
 .text.Default_Handler
                0x0000000008002a74        0x2 ./startup_stm32f407xx.o
                0x0000000008002a74                RTC_Alarm_IRQHandler
                0x0000000008002a74                HASH_RNG_IRQHandler
                0x0000000008002a74                EXTI2_IRQHandler
                0x0000000008002a74                TIM8_CC_IRQHandler
                0x0000000008002a74                DebugMon_Handler
                0x0000000008002a74                TIM1_CC_IRQHandler
                0x0000000008002a74                DMA2_Stream5_IRQHandler
                0x0000000008002a74                HardFault_Handler
                0x0000000008002a74                DMA1_Stream5_IRQHandler
                0x0000000008002a74                PVD_IRQHandler
                0x0000000008002a74                SDIO_IRQHandler
                0x0000000008002a74                TAMP_STAMP_IRQHandler
                0x0000000008002a74                NMI_Handler
                0x0000000008002a74                CAN2_RX1_IRQHandler
                0x0000000008002a74                EXTI3_IRQHandler
                0x0000000008002a74                TIM8_TRG_COM_TIM14_IRQHandler
                0x0000000008002a74                TIM1_UP_TIM10_IRQHandler
                0x0000000008002a74                TIM8_UP_TIM13_IRQHandler
                0x0000000008002a74                I2C3_ER_IRQHandler
                0x0000000008002a74                EXTI0_IRQHandler
                0x0000000008002a74                I2C2_EV_IRQHandler
                0x0000000008002a74                DMA1_Stream2_IRQHandler
                0x0000000008002a74                CAN1_RX0_IRQHandler
                0x0000000008002a74                FPU_IRQHandler
                0x0000000008002a74                OTG_HS_WKUP_IRQHandler
                0x0000000008002a74                UsageFault_Handler
                0x0000000008002a74                CAN2_SCE_IRQHandler
                0x0000000008002a74                DMA2_Stream2_IRQHandler
                0x0000000008002a74                SPI1_IRQHandler
                0x0000000008002a74                TIM6_DAC_IRQHandler
                0x0000000008002a74                TIM1_BRK_TIM9_IRQHandler
                0x0000000008002a74                DCMI_IRQHandler
                0x0000000008002a74                CAN2_RX0_IRQHandler
                0x0000000008002a74                DMA2_Stream3_IRQHandler
                0x0000000008002a74                USART6_IRQHandler
                0x0000000008002a74                USART3_IRQHandler
                0x0000000008002a74                CAN1_RX1_IRQHandler
                0x0000000008002a74                UART5_IRQHandler
                0x0000000008002a74                DMA2_Stream0_IRQHandler
                0x0000000008002a74                TIM4_IRQHandler
                0x0000000008002a74                I2C1_EV_IRQHandler
                0x0000000008002a74                DMA1_Stream6_IRQHandler
                0x0000000008002a74                DMA1_Stream1_IRQHandler
                0x0000000008002a74                UART4_IRQHandler
                0x0000000008002a74                TIM3_IRQHandler
                0x0000000008002a74                RCC_IRQHandler
                0x0000000008002a74                TIM8_BRK_TIM12_IRQHandler
                0x0000000008002a74                Default_Handler
                0x0000000008002a74                EXTI15_10_IRQHandler
                0x0000000008002a74                ADC_IRQHandler
                0x0000000008002a74                DMA1_Stream7_IRQHandler
                0x0000000008002a74                TIM7_IRQHandler
                0x0000000008002a74                CAN2_TX_IRQHandler
                0x0000000008002a74                TIM5_IRQHandler
                0x0000000008002a74                DMA2_Stream7_IRQHandler
                0x0000000008002a74                I2C3_EV_IRQHandler
                0x0000000008002a74                EXTI9_5_IRQHandler
                0x0000000008002a74                RTC_WKUP_IRQHandler
                0x0000000008002a74                ETH_WKUP_IRQHandler
                0x0000000008002a74                SPI2_IRQHandler
                0x0000000008002a74                OTG_HS_EP1_IN_IRQHandler
                0x0000000008002a74                MemManage_Handler
                0x0000000008002a74                DMA1_Stream0_IRQHandler
                0x0000000008002a74                CAN1_TX_IRQHandler
                0x0000000008002a74                EXTI4_IRQHandler
                0x0000000008002a74                FSMC_IRQHandler
                0x0000000008002a74                ETH_IRQHandler
                0x0000000008002a74                OTG_HS_EP1_OUT_IRQHandler
                0x0000000008002a74                WWDG_IRQHandler
                0x0000000008002a74                TIM2_IRQHandler
                0x0000000008002a74                OTG_FS_WKUP_IRQHandler
                0x0000000008002a74                TIM1_TRG_COM_TIM11_IRQHandler
                0x0000000008002a74                OTG_HS_IRQHandler
                0x0000000008002a74                EXTI1_IRQHandler
                0x0000000008002a74                USART2_IRQHandler
                0x0000000008002a74                I2C2_ER_IRQHandler
                0x0000000008002a74                DMA2_Stream1_IRQHandler
                0x0000000008002a74                CAN1_SCE_IRQHandler
                0x0000000008002a74                FLASH_IRQHandler
                0x0000000008002a74                DMA2_Stream4_IRQHandler
                0x0000000008002a74                BusFault_Handler
                0x0000000008002a74                USART1_IRQHandler
                0x0000000008002a74                OTG_FS_IRQHandler
                0x0000000008002a74                SPI3_IRQHandler
                0x0000000008002a74                DMA1_Stream4_IRQHandler
                0x0000000008002a74                I2C1_ER_IRQHandler
                0x0000000008002a74                DMA2_Stream6_IRQHandler
                0x0000000008002a74                DMA1_Stream3_IRQHandler
 *fill*         0x0000000008002a76        0x2 
 .text.BSP_LED_Init
                0x0000000008002a78       0xf0 ./stm32f4_discovery.o
                0x0000000008002a78                BSP_LED_Init
 .text.BSP_LED_On
                0x0000000008002b68       0x34 ./stm32f4_discovery.o
                0x0000000008002b68                BSP_LED_On
 .text.BSP_LED_Off
                0x0000000008002b9c       0x34 ./stm32f4_discovery.o
                0x0000000008002b9c                BSP_LED_Off
 .text.SystemInit
                0x0000000008002bd0       0x5c ./system_stm32f4xx.o
                0x0000000008002bd0                SystemInit
 .text.SystemCoreClockUpdate
                0x0000000008002c2c      0x100 ./system_stm32f4xx.o
                0x0000000008002c2c                SystemCoreClockUpdate
 .text.__libc_init_array
                0x0000000008002d2c       0x48 c:/users/hviei/appdata/roaming/xpacks/@xpack-dev-tools/arm-none-eabi-gcc/9.3.1-1.2.1/.content/bin/../lib/gcc/arm-none-eabi/9.3.1/../../../../arm-none-eabi/lib/thumb/v7-m/nofp\libg_nano.a(lib_a-init.o)
                0x0000000008002d2c                __libc_init_array
 .text.memcpy   0x0000000008002d74       0x1c c:/users/hviei/appdata/roaming/xpacks/@xpack-dev-tools/arm-none-eabi-gcc/9.3.1-1.2.1/.content/bin/../lib/gcc/arm-none-eabi/9.3.1/../../../../arm-none-eabi/lib/thumb/v7-m/nofp\libg_nano.a(lib_a-memcpy-stub.o)
                0x0000000008002d74                memcpy
 .text.memset   0x0000000008002d90       0x10 c:/users/hviei/appdata/roaming/xpacks/@xpack-dev-tools/arm-none-eabi-gcc/9.3.1-1.2.1/.content/bin/../lib/gcc/arm-none-eabi/9.3.1/../../../../arm-none-eabi/lib/thumb/v7-m/nofp\libg_nano.a(lib_a-memset.o)
                0x0000000008002d90                memset
 *(.glue_7)
 .glue_7        0x0000000008002da0        0x0 linker stubs
 *(.glue_7t)
 .glue_7t       0x0000000008002da0        0x0 linker stubs
 *(.eh_frame)
 .eh_frame      0x0000000008002da0        0x0 c:/users/hviei/appdata/roaming/xpacks/@xpack-dev-tools/arm-none-eabi-gcc/9.3.1-1.2.1/.content/bin/../lib/gcc/arm-none-eabi/9.3.1/thumb/v7-m/nofp/crtbegin.o
 *(.init)
 .init          0x0000000008002da0        0x4 c:/users/hviei/appdata/roaming/xpacks/@xpack-dev-tools/arm-none-eabi-gcc/9.3.1-1.2.1/.content/bin/../lib/gcc/arm-none-eabi/9.3.1/thumb/v7-m/nofp/crti.o
                0x0000000008002da0                _init
 .init          0x0000000008002da4        0x8 c:/users/hviei/appdata/roaming/xpacks/@xpack-dev-tools/arm-none-eabi-gcc/9.3.1-1.2.1/.content/bin/../lib/gcc/arm-none-eabi/9.3.1/thumb/v7-m/nofp/crtn.o
 *(.fini)
 .fini          0x0000000008002dac        0x4 c:/users/hviei/appdata/roaming/xpacks/@xpack-dev-tools/arm-none-eabi-gcc/9.3.1-1.2.1/.content/bin/../lib/gcc/arm-none-eabi/9.3.1/thumb/v7-m/nofp/crti.o
                0x0000000008002dac                _fini
 .fini          0x0000000008002db0        0x8 c:/users/hviei/appdata/roaming/xpacks/@xpack-dev-tools/arm-none-eabi-gcc/9.3.1-1.2.1/.content/bin/../lib/gcc/arm-none-eabi/9.3.1/thumb/v7-m/nofp/crtn.o
                0x0000000008002db8                . = ALIGN (0x4)
                0x0000000008002db8                _etext = .

.vfp11_veneer   0x0000000008002db8        0x0
 .vfp11_veneer  0x0000000008002db8        0x0 linker stubs

.v4_bx          0x0000000008002db8        0x0
 .v4_bx         0x0000000008002db8        0x0 linker stubs

.iplt           0x0000000008002db8        0x0
 .iplt          0x0000000008002db8        0x0 c:/users/hviei/appdata/roaming/xpacks/@xpack-dev-tools/arm-none-eabi-gcc/9.3.1-1.2.1/.content/bin/../lib/gcc/arm-none-eabi/9.3.1/thumb/v7-m/nofp/crtbegin.o

.rodata         0x0000000008002db8       0x40
                0x0000000008002db8                . = ALIGN (0x4)
 *(.rodata)
 .rodata        0x0000000008002db8        0x5 ./FreeRTOS/Source/tasks.o
 *fill*         0x0000000008002dbd        0x3 
 .rodata        0x0000000008002dc0        0xd ./FreeRTOS/Source/timers.o
 *fill*         0x0000000008002dcd        0x3 
 .rodata        0x0000000008002dd0       0x10 ./blink_leds_qemu.o
 *(.rodata*)
 .rodata.GPIO_PIN
                0x0000000008002de0        0x8 ./stm32f4_discovery.o
                0x0000000008002de0                GPIO_PIN
 .rodata.AHBPrescTable
                0x0000000008002de8       0x10 ./system_stm32f4xx.o
                0x0000000008002de8                AHBPrescTable
                0x0000000008002df8                . = ALIGN (0x4)

.rel.dyn        0x0000000008002df8        0x0
 .rel.iplt      0x0000000008002df8        0x0 c:/users/hviei/appdata/roaming/xpacks/@xpack-dev-tools/arm-none-eabi-gcc/9.3.1-1.2.1/.content/bin/../lib/gcc/arm-none-eabi/9.3.1/thumb/v7-m/nofp/crtbegin.o

.ARM.extab
 *(.ARM.extab* .gnu.linkonce.armextab.*)

.ARM            0x0000000008002df8        0x0
                0x0000000008002df8                __exidx_start = .
 *(.ARM.exidx*)
                0x0000000008002df8                __exidx_end = .

.preinit_array  0x0000000008002df8        0x0
                0x0000000008002df8                PROVIDE (__preinit_array_start = .)
 *(.preinit_array*)
                0x0000000008002df8                PROVIDE (__preinit_array_end = .)

.init_array     0x0000000008002df8        0x4
                0x0000000008002df8                PROVIDE (__init_array_start = .)
 *(SORT_BY_NAME(.init_array.*))
 *(.init_array*)
 .init_array    0x0000000008002df8        0x4 c:/users/hviei/appdata/roaming/xpacks/@xpack-dev-tools/arm-none-eabi-gcc/9.3.1-1.2.1/.content/bin/../lib/gcc/arm-none-eabi/9.3.1/thumb/v7-m/nofp/crtbegin.o
                0x0000000008002dfc                PROVIDE (__init_array_end = .)

.fini_array     0x0000000008002dfc        0x4
                [!provide]                        PROVIDE (__fini_array_start = .)
 *(SORT_BY_NAME(.fini_array.*))
 *(.fini_array*)
 .fini_array    0x0000000008002dfc        0x4 c:/users/hviei/appdata/roaming/xpacks/@xpack-dev-tools/arm-none-eabi-gcc/9.3.1-1.2.1/.content/bin/../lib/gcc/arm-none-eabi/9.3.1/thumb/v7-m/nofp/crtbegin.o
                [!provide]                        PROVIDE (__fini_array_end = .)
                0x0000000008002e00                _sidata = LOADADDR (.data)

.data           0x0000000020000000       0x1c load address 0x0000000008002e00
                0x0000000020000000                . = ALIGN (0x4)
                0x0000000020000000                _sdata = .
 *(.data)
 *(.data*)
 .data.xFreeBytesRemaining
                0x0000000020000000        0x4 ./FreeRTOS/Source/portable/GCC/MemMang/heap_2.o
 .data.uxCriticalNesting
                0x0000000020000004        0x4 ./FreeRTOS/Source/portable/GCC/ARM_CM3/port.o
 .data.GPIO_PORT
                0x0000000020000008       0x10 ./stm32f4_discovery.o
                0x0000000020000008                GPIO_PORT
 .data.SystemCoreClock
                0x0000000020000018        0x4 ./system_stm32f4xx.o
                0x0000000020000018                SystemCoreClock
                0x000000002000001c                . = ALIGN (0x4)
                0x000000002000001c                _edata = .
                0x0000000008002e1c                _siccmram = LOADADDR (.ccmram)

.igot.plt       0x000000002000001c        0x0 load address 0x0000000008002e1c
 .igot.plt      0x000000002000001c        0x0 c:/users/hviei/appdata/roaming/xpacks/@xpack-dev-tools/arm-none-eabi-gcc/9.3.1-1.2.1/.content/bin/../lib/gcc/arm-none-eabi/9.3.1/thumb/v7-m/nofp/crtbegin.o

.ccmram         0x0000000010000000        0x0 load address 0x0000000008002e1c
                0x0000000010000000                . = ALIGN (0x4)
                0x0000000010000000                _sccmram = .
 *(.ccmram)
 *(.ccmram*)
                0x0000000010000000                . = ALIGN (0x4)
                0x0000000010000000                _eccmram = .
                0x0000000010000000                . = ALIGN (0x4)

.bss            0x000000002000001c    0x12db8
                0x000000002000001c                _sbss = .
                0x000000002000001c                __bss_start__ = _sbss
 *(.bss)
 *(.bss*)
 .bss.completed.8914
                0x000000002000001c        0x1 c:/users/hviei/appdata/roaming/xpacks/@xpack-dev-tools/arm-none-eabi-gcc/9.3.1-1.2.1/.content/bin/../lib/gcc/arm-none-eabi/9.3.1/thumb/v7-m/nofp/crtbegin.o
 *fill*         0x000000002000001d        0x3 
 .bss.object.8919
                0x0000000020000020       0x18 c:/users/hviei/appdata/roaming/xpacks/@xpack-dev-tools/arm-none-eabi-gcc/9.3.1-1.2.1/.content/bin/../lib/gcc/arm-none-eabi/9.3.1/thumb/v7-m/nofp/crtbegin.o
 .bss.ucHeap    0x0000000020000038    0x12c00 ./FreeRTOS/Source/portable/GCC/MemMang/heap_2.o
 .bss.xStart    0x0000000020012c38        0x8 ./FreeRTOS/Source/portable/GCC/MemMang/heap_2.o
 .bss.xEnd      0x0000000020012c40        0x8 ./FreeRTOS/Source/portable/GCC/MemMang/heap_2.o
 .bss.xHeapHasBeenInitialised.5208
                0x0000000020012c48        0x4 ./FreeRTOS/Source/portable/GCC/MemMang/heap_2.o
 .bss.ucMaxSysCallPriority
                0x0000000020012c4c        0x1 ./FreeRTOS/Source/portable/GCC/ARM_CM3/port.o
 *fill*         0x0000000020012c4d        0x3 
 .bss.ulMaxPRIGROUPValue
                0x0000000020012c50        0x4 ./FreeRTOS/Source/portable/GCC/ARM_CM3/port.o
 .bss.pxCurrentTCB
                0x0000000020012c54        0x4 ./FreeRTOS/Source/tasks.o
                0x0000000020012c54                pxCurrentTCB
 .bss.pxReadyTasksLists
                0x0000000020012c58       0x64 ./FreeRTOS/Source/tasks.o
 .bss.xDelayedTaskList1
                0x0000000020012cbc       0x14 ./FreeRTOS/Source/tasks.o
 .bss.xDelayedTaskList2
                0x0000000020012cd0       0x14 ./FreeRTOS/Source/tasks.o
 .bss.pxDelayedTaskList
                0x0000000020012ce4        0x4 ./FreeRTOS/Source/tasks.o
 .bss.pxOverflowDelayedTaskList
                0x0000000020012ce8        0x4 ./FreeRTOS/Source/tasks.o
 .bss.xPendingReadyList
                0x0000000020012cec       0x14 ./FreeRTOS/Source/tasks.o
 .bss.xTasksWaitingTermination
                0x0000000020012d00       0x14 ./FreeRTOS/Source/tasks.o
 .bss.uxDeletedTasksWaitingCleanUp
                0x0000000020012d14        0x4 ./FreeRTOS/Source/tasks.o
 .bss.xSuspendedTaskList
                0x0000000020012d18       0x14 ./FreeRTOS/Source/tasks.o
 .bss.uxCurrentNumberOfTasks
                0x0000000020012d2c        0x4 ./FreeRTOS/Source/tasks.o
 .bss.xTickCount
                0x0000000020012d30        0x4 ./FreeRTOS/Source/tasks.o
 .bss.uxTopReadyPriority
                0x0000000020012d34        0x4 ./FreeRTOS/Source/tasks.o
 .bss.xSchedulerRunning
                0x0000000020012d38        0x4 ./FreeRTOS/Source/tasks.o
 .bss.xPendedTicks
                0x0000000020012d3c        0x4 ./FreeRTOS/Source/tasks.o
 .bss.xYieldPending
                0x0000000020012d40        0x4 ./FreeRTOS/Source/tasks.o
 .bss.xNumOfOverflows
                0x0000000020012d44        0x4 ./FreeRTOS/Source/tasks.o
 .bss.uxTaskNumber
                0x0000000020012d48        0x4 ./FreeRTOS/Source/tasks.o
 .bss.xNextTaskUnblockTime
                0x0000000020012d4c        0x4 ./FreeRTOS/Source/tasks.o
 .bss.xIdleTaskHandle
                0x0000000020012d50        0x4 ./FreeRTOS/Source/tasks.o
 .bss.uxSchedulerSuspended
                0x0000000020012d54        0x4 ./FreeRTOS/Source/tasks.o
 .bss.xActiveTimerList1
                0x0000000020012d58       0x14 ./FreeRTOS/Source/timers.o
 .bss.xActiveTimerList2
                0x0000000020012d6c       0x14 ./FreeRTOS/Source/timers.o
 .bss.pxCurrentTimerList
                0x0000000020012d80        0x4 ./FreeRTOS/Source/timers.o
 .bss.pxOverflowTimerList
                0x0000000020012d84        0x4 ./FreeRTOS/Source/timers.o
 .bss.xTimerQueue
                0x0000000020012d88        0x4 ./FreeRTOS/Source/timers.o
 .bss.xTimerTaskHandle
                0x0000000020012d8c        0x4 ./FreeRTOS/Source/timers.o
 .bss.xLastTime.5520
                0x0000000020012d90        0x4 ./FreeRTOS/Source/timers.o
 *(COMMON)
 COMMON         0x0000000020012d94       0x40 ./FreeRTOS/Source/queue.o
                0x0000000020012d94                xQueueRegistry
                0x0000000020012dd4                . = ALIGN (0x4)
                0x0000000020012dd4                _ebss = .
                0x0000000020012dd4                __bss_end__ = _ebss

._user_heap_stack
                0x0000000020012dd4      0x600
                0x0000000020012dd4                . = ALIGN (0x4)
                [!provide]                        PROVIDE (end = .)
                [!provide]                        PROVIDE (_end = .)
                0x0000000020012fd4                . = (. + _Min_Heap_Size)
 *fill*         0x0000000020012dd4      0x200 
                0x00000000200133d4                . = (. + _Min_Stack_Size)
 *fill*         0x0000000020012fd4      0x400 
                0x00000000200133d4                . = ALIGN (0x4)

/DISCARD/
 libc.a(*)
 libm.a(*)
 libgcc.a(*)

.ARM.attributes
                0x0000000000000000       0x2f
 *(.ARM.attributes)
 .ARM.attributes
                0x0000000000000000       0x1d c:/users/hviei/appdata/roaming/xpacks/@xpack-dev-tools/arm-none-eabi-gcc/9.3.1-1.2.1/.content/bin/../lib/gcc/arm-none-eabi/9.3.1/thumb/v7-m/nofp/crti.o
 .ARM.attributes
                0x000000000000001d       0x2d c:/users/hviei/appdata/roaming/xpacks/@xpack-dev-tools/arm-none-eabi-gcc/9.3.1-1.2.1/.content/bin/../lib/gcc/arm-none-eabi/9.3.1/thumb/v7-m/nofp/crtbegin.o
 .ARM.attributes
                0x000000000000004a       0x2d ./Libraries/STM32F4xx_HAL_Driver/Src/stm32f4xx_hal_gpio.o
 .ARM.attributes
                0x0000000000000077       0x2d ./FreeRTOS/Source/portable/GCC/MemMang/heap_2.o
 .ARM.attributes
                0x00000000000000a4       0x2d ./FreeRTOS/Source/portable/GCC/ARM_CM3/port.o
 .ARM.attributes
                0x00000000000000d1       0x2d ./FreeRTOS/Source/list.o
 .ARM.attributes
                0x00000000000000fe       0x2d ./FreeRTOS/Source/queue.o
 .ARM.attributes
                0x000000000000012b       0x2d ./FreeRTOS/Source/tasks.o
 .ARM.attributes
                0x0000000000000158       0x2d ./FreeRTOS/Source/timers.o
 .ARM.attributes
                0x0000000000000185       0x2d ./blink_leds_qemu.o
 .ARM.attributes
                0x00000000000001b2       0x21 ./startup_stm32f407xx.o
 .ARM.attributes
                0x00000000000001d3       0x2d ./stm32f4_discovery.o
 .ARM.attributes
                0x0000000000000200       0x2d ./system_stm32f4xx.o
 .ARM.attributes
                0x000000000000022d       0x2d c:/users/hviei/appdata/roaming/xpacks/@xpack-dev-tools/arm-none-eabi-gcc/9.3.1-1.2.1/.content/bin/../lib/gcc/arm-none-eabi/9.3.1/../../../../arm-none-eabi/lib/thumb/v7-m/nofp\libg_nano.a(lib_a-init.o)
 .ARM.attributes
                0x000000000000025a       0x2d c:/users/hviei/appdata/roaming/xpacks/@xpack-dev-tools/arm-none-eabi-gcc/9.3.1-1.2.1/.content/bin/../lib/gcc/arm-none-eabi/9.3.1/../../../../arm-none-eabi/lib/thumb/v7-m/nofp\libg_nano.a(lib_a-memcpy-stub.o)
 .ARM.attributes
                0x0000000000000287       0x2d c:/users/hviei/appdata/roaming/xpacks/@xpack-dev-tools/arm-none-eabi-gcc/9.3.1-1.2.1/.content/bin/../lib/gcc/arm-none-eabi/9.3.1/../../../../arm-none-eabi/lib/thumb/v7-m/nofp\libg_nano.a(lib_a-memset.o)
 .ARM.attributes
                0x00000000000002b4       0x1d c:/users/hviei/appdata/roaming/xpacks/@xpack-dev-tools/arm-none-eabi-gcc/9.3.1-1.2.1/.content/bin/../lib/gcc/arm-none-eabi/9.3.1/thumb/v7-m/nofp/crtn.o
OUTPUT(FreeRTOS_qemu.elf elf32-littlearm)
LOAD linker stubs
LOAD c:/users/hviei/appdata/roaming/xpacks/@xpack-dev-tools/arm-none-eabi-gcc/9.3.1-1.2.1/.content/bin/../lib/gcc/arm-none-eabi/9.3.1/../../../../arm-none-eabi/lib/thumb/v7-m/nofp\libc.a
LOAD c:/users/hviei/appdata/roaming/xpacks/@xpack-dev-tools/arm-none-eabi-gcc/9.3.1-1.2.1/.content/bin/../lib/gcc/arm-none-eabi/9.3.1/../../../../arm-none-eabi/lib/thumb/v7-m/nofp\libm.a
LOAD c:/users/hviei/appdata/roaming/xpacks/@xpack-dev-tools/arm-none-eabi-gcc/9.3.1-1.2.1/.content/bin/../lib/gcc/arm-none-eabi/9.3.1/thumb/v7-m/nofp\libgcc.a

.debug_info     0x0000000000000000     0xa2e7
 .debug_info    0x0000000000000000      0x7d7 ./Libraries/STM32F4xx_HAL_Driver/Src/stm32f4xx_hal_gpio.o
 .debug_info    0x00000000000007d7      0xc0a ./FreeRTOS/Source/portable/GCC/MemMang/heap_2.o
 .debug_info    0x00000000000013e1      0x501 ./FreeRTOS/Source/portable/GCC/ARM_CM3/port.o
 .debug_info    0x00000000000018e2      0xbe1 ./FreeRTOS/Source/list.o
 .debug_info    0x00000000000024c3     0x2003 ./FreeRTOS/Source/queue.o
 .debug_info    0x00000000000044c6     0x2969 ./FreeRTOS/Source/tasks.o
 .debug_info    0x0000000000006e2f     0x15ae ./FreeRTOS/Source/timers.o
 .debug_info    0x00000000000083dd      0x41e ./blink_leds_qemu.o
 .debug_info    0x00000000000087fb       0x22 ./startup_stm32f407xx.o
 .debug_info    0x000000000000881d     0x157d ./stm32f4_discovery.o
 .debug_info    0x0000000000009d9a      0x54d ./system_stm32f4xx.o

.debug_abbrev   0x0000000000000000     0x192b
 .debug_abbrev  0x0000000000000000      0x1f1 ./Libraries/STM32F4xx_HAL_Driver/Src/stm32f4xx_hal_gpio.o
 .debug_abbrev  0x00000000000001f1      0x2b4 ./FreeRTOS/Source/portable/GCC/MemMang/heap_2.o
 .debug_abbrev  0x00000000000004a5      0x241 ./FreeRTOS/Source/portable/GCC/ARM_CM3/port.o
 .debug_abbrev  0x00000000000006e6      0x235 ./FreeRTOS/Source/list.o
 .debug_abbrev  0x000000000000091b      0x371 ./FreeRTOS/Source/queue.o
 .debug_abbrev  0x0000000000000c8c      0x3e9 ./FreeRTOS/Source/tasks.o
 .debug_abbrev  0x0000000000001075      0x33b ./FreeRTOS/Source/timers.o
 .debug_abbrev  0x00000000000013b0      0x190 ./blink_leds_qemu.o
 .debug_abbrev  0x0000000000001540       0x12 ./startup_stm32f407xx.o
 .debug_abbrev  0x0000000000001552      0x2b0 ./stm32f4_discovery.o
 .debug_abbrev  0x0000000000001802      0x129 ./system_stm32f4xx.o

.debug_aranges  0x0000000000000000      0x6c0
 .debug_aranges
                0x0000000000000000       0x58 ./Libraries/STM32F4xx_HAL_Driver/Src/stm32f4xx_hal_gpio.o
 .debug_aranges
                0x0000000000000058       0x40 ./FreeRTOS/Source/portable/GCC/MemMang/heap_2.o
 .debug_aranges
                0x0000000000000098       0x78 ./FreeRTOS/Source/portable/GCC/ARM_CM3/port.o
 .debug_aranges
                0x0000000000000110       0x40 ./FreeRTOS/Source/list.o
 .debug_aranges
                0x0000000000000150      0x130 ./FreeRTOS/Source/queue.o
 .debug_aranges
                0x0000000000000280      0x1f8 ./FreeRTOS/Source/tasks.o
 .debug_aranges
                0x0000000000000478       0xd8 ./FreeRTOS/Source/timers.o
 .debug_aranges
                0x0000000000000550       0x48 ./blink_leds_qemu.o
 .debug_aranges
                0x0000000000000598       0x28 ./startup_stm32f407xx.o
 .debug_aranges
                0x00000000000005c0       0xd8 ./stm32f4_discovery.o
 .debug_aranges
                0x0000000000000698       0x28 ./system_stm32f4xx.o

.debug_ranges   0x0000000000000000      0x618
 .debug_ranges  0x0000000000000000       0x48 ./Libraries/STM32F4xx_HAL_Driver/Src/stm32f4xx_hal_gpio.o
 .debug_ranges  0x0000000000000048       0x30 ./FreeRTOS/Source/portable/GCC/MemMang/heap_2.o
 .debug_ranges  0x0000000000000078       0x68 ./FreeRTOS/Source/portable/GCC/ARM_CM3/port.o
 .debug_ranges  0x00000000000000e0       0x30 ./FreeRTOS/Source/list.o
 .debug_ranges  0x0000000000000110      0x120 ./FreeRTOS/Source/queue.o
 .debug_ranges  0x0000000000000230      0x1e8 ./FreeRTOS/Source/tasks.o
 .debug_ranges  0x0000000000000418       0xc8 ./FreeRTOS/Source/timers.o
 .debug_ranges  0x00000000000004e0       0x38 ./blink_leds_qemu.o
 .debug_ranges  0x0000000000000518       0x20 ./startup_stm32f407xx.o
 .debug_ranges  0x0000000000000538       0xc8 ./stm32f4_discovery.o
 .debug_ranges  0x0000000000000600       0x18 ./system_stm32f4xx.o

.debug_macro    0x0000000000000000     0x29d8
 .debug_macro   0x0000000000000000      0x1e7 ./Libraries/STM32F4xx_HAL_Driver/Src/stm32f4xx_hal_gpio.o
 .debug_macro   0x00000000000001e7      0x1b5 ./FreeRTOS/Source/portable/GCC/MemMang/heap_2.o
 .debug_macro   0x000000000000039c       0x18 ./FreeRTOS/Source/portable/GCC/MemMang/heap_2.o
 .debug_macro   0x00000000000003b4       0x64 ./FreeRTOS/Source/portable/GCC/MemMang/heap_2.o
 .debug_macro   0x0000000000000418       0x94 ./FreeRTOS/Source/portable/GCC/MemMang/heap_2.o
 .debug_macro   0x00000000000004ac       0x35 ./FreeRTOS/Source/portable/GCC/MemMang/heap_2.o
 .debug_macro   0x00000000000004e1       0x34 ./FreeRTOS/Source/portable/GCC/MemMang/heap_2.o
 .debug_macro   0x0000000000000515       0x16 ./FreeRTOS/Source/portable/GCC/MemMang/heap_2.o
 .debug_macro   0x000000000000052b      0x10e ./FreeRTOS/Source/portable/GCC/MemMang/heap_2.o
 .debug_macro   0x0000000000000639       0x8d ./FreeRTOS/Source/portable/GCC/MemMang/heap_2.o
 .debug_macro   0x00000000000006c6       0x16 ./FreeRTOS/Source/portable/GCC/MemMang/heap_2.o
 .debug_macro   0x00000000000006dc       0x43 ./FreeRTOS/Source/portable/GCC/MemMang/heap_2.o
 .debug_macro   0x000000000000071f       0x57 ./FreeRTOS/Source/portable/GCC/MemMang/heap_2.o
 .debug_macro   0x0000000000000776       0x34 ./FreeRTOS/Source/portable/GCC/MemMang/heap_2.o
 .debug_macro   0x00000000000007aa       0x10 ./FreeRTOS/Source/portable/GCC/MemMang/heap_2.o
 .debug_macro   0x00000000000007ba       0x58 ./FreeRTOS/Source/portable/GCC/MemMang/heap_2.o
 .debug_macro   0x0000000000000812      0x182 ./FreeRTOS/Source/portable/GCC/MemMang/heap_2.o
 .debug_macro   0x0000000000000994      0x339 ./FreeRTOS/Source/portable/GCC/MemMang/heap_2.o
 .debug_macro   0x0000000000000ccd       0x16 ./FreeRTOS/Source/portable/GCC/MemMang/heap_2.o
 .debug_macro   0x0000000000000ce3       0x29 ./FreeRTOS/Source/portable/GCC/MemMang/heap_2.o
 .debug_macro   0x0000000000000d0c      0x144 ./FreeRTOS/Source/portable/GCC/MemMang/heap_2.o
 .debug_macro   0x0000000000000e50      0x15a ./FreeRTOS/Source/portable/GCC/MemMang/heap_2.o
 .debug_macro   0x0000000000000faa       0xcf ./FreeRTOS/Source/portable/GCC/MemMang/heap_2.o
 .debug_macro   0x0000000000001079       0x1c ./FreeRTOS/Source/portable/GCC/MemMang/heap_2.o
 .debug_macro   0x0000000000001095       0x26 ./FreeRTOS/Source/portable/GCC/MemMang/heap_2.o
 .debug_macro   0x00000000000010bb      0x41e ./FreeRTOS/Source/portable/GCC/MemMang/heap_2.o
 .debug_macro   0x00000000000014d9       0xb5 ./FreeRTOS/Source/portable/GCC/MemMang/heap_2.o
 .debug_macro   0x000000000000158e      0x119 ./FreeRTOS/Source/portable/GCC/MemMang/heap_2.o
 .debug_macro   0x00000000000016a7      0x182 ./FreeRTOS/Source/portable/GCC/ARM_CM3/port.o
 .debug_macro   0x0000000000001829      0x194 ./FreeRTOS/Source/list.o
 .debug_macro   0x00000000000019bd      0x218 ./FreeRTOS/Source/queue.o
 .debug_macro   0x0000000000001bd5       0x16 ./FreeRTOS/Source/queue.o
 .debug_macro   0x0000000000001beb       0x35 ./FreeRTOS/Source/queue.o
 .debug_macro   0x0000000000001c20       0x80 ./FreeRTOS/Source/queue.o
 .debug_macro   0x0000000000001ca0      0x27b ./FreeRTOS/Source/tasks.o
 .debug_macro   0x0000000000001f1b       0x91 ./FreeRTOS/Source/tasks.o
 .debug_macro   0x0000000000001fac       0x10 ./FreeRTOS/Source/tasks.o
 .debug_macro   0x0000000000001fbc      0x1dd ./FreeRTOS/Source/timers.o
 .debug_macro   0x0000000000002199       0x97 ./FreeRTOS/Source/timers.o
 .debug_macro   0x0000000000002230      0x232 ./blink_leds_qemu.o
 .debug_macro   0x0000000000002462      0x1e1 ./blink_leds_qemu.o
 .debug_macro   0x0000000000002643      0x1de ./stm32f4_discovery.o
 .debug_macro   0x0000000000002821      0x1b7 ./system_stm32f4xx.o

.debug_line     0x0000000000000000     0x747f
 .debug_line    0x0000000000000000      0xae0 ./Libraries/STM32F4xx_HAL_Driver/Src/stm32f4xx_hal_gpio.o
 .debug_line    0x0000000000000ae0      0x669 ./FreeRTOS/Source/portable/GCC/MemMang/heap_2.o
 .debug_line    0x0000000000001149      0x765 ./FreeRTOS/Source/portable/GCC/ARM_CM3/port.o
 .debug_line    0x00000000000018ae      0x5ff ./FreeRTOS/Source/list.o
 .debug_line    0x0000000000001ead     0x1491 ./FreeRTOS/Source/queue.o
 .debug_line    0x000000000000333e     0x1c0b ./FreeRTOS/Source/tasks.o
 .debug_line    0x0000000000004f49      0xb5a ./FreeRTOS/Source/timers.o
 .debug_line    0x0000000000005aa3      0x860 ./blink_leds_qemu.o
 .debug_line    0x0000000000006303       0x77 ./startup_stm32f407xx.o
 .debug_line    0x000000000000637a      0x9fe ./stm32f4_discovery.o
 .debug_line    0x0000000000006d78      0x707 ./system_stm32f4xx.o

.debug_str      0x0000000000000000    0xc79b1
 .debug_str     0x0000000000000000    0xbac2a ./Libraries/STM32F4xx_HAL_Driver/Src/stm32f4xx_hal_gpio.o
                                      0xbaef5 (size before relaxing)
 .debug_str     0x00000000000bac2a     0x7645 ./FreeRTOS/Source/portable/GCC/MemMang/heap_2.o
                                       0xb6c3 (size before relaxing)
 .debug_str     0x00000000000c226f      0x759 ./FreeRTOS/Source/portable/GCC/ARM_CM3/port.o
                                       0x8dac (size before relaxing)
 .debug_str     0x00000000000c29c8      0x12c ./FreeRTOS/Source/list.o
                                       0xa296 (size before relaxing)
 .debug_str     0x00000000000c2af4     0x101d ./FreeRTOS/Source/queue.o
                                       0xc485 (size before relaxing)
 .debug_str     0x00000000000c3b11     0x1c2b ./FreeRTOS/Source/tasks.o
                                       0xd1d6 (size before relaxing)
 .debug_str     0x00000000000c573c      0x545 ./FreeRTOS/Source/timers.o
                                       0xc8b5 (size before relaxing)
 .debug_str     0x00000000000c5c81      0xd75 ./blink_leds_qemu.o
                                      0xc000c (size before relaxing)
 .debug_str     0x00000000000c69f6       0x27 ./startup_stm32f407xx.o
                                         0x5c (size before relaxing)
 .debug_str     0x00000000000c6a1d      0xed9 ./stm32f4_discovery.o
                                      0xbc976 (size before relaxing)
 .debug_str     0x00000000000c78f6       0xbb ./system_stm32f4xx.o
                                      0xbacab (size before relaxing)

.comment        0x0000000000000000       0x43
 .comment       0x0000000000000000       0x43 ./Libraries/STM32F4xx_HAL_Driver/Src/stm32f4xx_hal_gpio.o
                                         0x44 (size before relaxing)
 .comment       0x0000000000000043       0x44 ./FreeRTOS/Source/portable/GCC/MemMang/heap_2.o
 .comment       0x0000000000000043       0x44 ./FreeRTOS/Source/portable/GCC/ARM_CM3/port.o
 .comment       0x0000000000000043       0x44 ./FreeRTOS/Source/list.o
 .comment       0x0000000000000043       0x44 ./FreeRTOS/Source/queue.o
 .comment       0x0000000000000043       0x44 ./FreeRTOS/Source/tasks.o
 .comment       0x0000000000000043       0x44 ./FreeRTOS/Source/timers.o
 .comment       0x0000000000000043       0x44 ./blink_leds_qemu.o
 .comment       0x0000000000000043       0x44 ./stm32f4_discovery.o
 .comment       0x0000000000000043       0x44 ./system_stm32f4xx.o

.debug_frame    0x0000000000000000     0x1ac0
 .debug_frame   0x0000000000000000      0x14c ./Libraries/STM32F4xx_HAL_Driver/Src/stm32f4xx_hal_gpio.o
 .debug_frame   0x000000000000014c       0xc0 ./FreeRTOS/Source/portable/GCC/MemMang/heap_2.o
 .debug_frame   0x000000000000020c      0x198 ./FreeRTOS/Source/portable/GCC/ARM_CM3/port.o
 .debug_frame   0x00000000000003a4       0xd8 ./FreeRTOS/Source/list.o
 .debug_frame   0x000000000000047c      0x534 ./FreeRTOS/Source/queue.o
 .debug_frame   0x00000000000009b0      0x890 ./FreeRTOS/Source/tasks.o
 .debug_frame   0x0000000000001240      0x38c ./FreeRTOS/Source/timers.o
 .debug_frame   0x00000000000015cc       0xd8 ./blink_leds_qemu.o
 .debug_frame   0x00000000000016a4      0x350 ./stm32f4_discovery.o
 .debug_frame   0x00000000000019f4       0x58 ./system_stm32f4xx.o
 .debug_frame   0x0000000000001a4c       0x2c c:/users/hviei/appdata/roaming/xpacks/@xpack-dev-tools/arm-none-eabi-gcc/9.3.1-1.2.1/.content/bin/../lib/gcc/arm-none-eabi/9.3.1/../../../../arm-none-eabi/lib/thumb/v7-m/nofp\libg_nano.a(lib_a-init.o)
 .debug_frame   0x0000000000001a78       0x28 c:/users/hviei/appdata/roaming/xpacks/@xpack-dev-tools/arm-none-eabi-gcc/9.3.1-1.2.1/.content/bin/../lib/gcc/arm-none-eabi/9.3.1/../../../../arm-none-eabi/lib/thumb/v7-m/nofp\libg_nano.a(lib_a-memcpy-stub.o)
 .debug_frame   0x0000000000001aa0       0x20 c:/users/hviei/appdata/roaming/xpacks/@xpack-dev-tools/arm-none-eabi-gcc/9.3.1-1.2.1/.content/bin/../lib/gcc/arm-none-eabi/9.3.1/../../../../arm-none-eabi/lib/thumb/v7-m/nofp\libg_nano.a(lib_a-memset.o)
